Component: ARM Compiler 5.06 update 4 (build 422) Tool: armlink [4d35d2]

==============================================================================

Section Cross References

    main.o(i.main) refers to uart_demo.o(i.UART_INIT) for UART_INIT
    main.o(i.main) refers to timer_demo.o(i.TIMER_INIT) for TIMER_INIT
    main.o(i.main) refers to pulse_demo.o(i.CHn_Message_Send) for CHn_Message_Send
    main.o(i.main) refers to uart.o(i.HAL_UART_Read) for HAL_UART_Read
    main.o(i.main) refers to pulse_demo.o(i.CHn_ORDER_SEND) for CHn_ORDER_SEND
    main.o(i.main) refers to timer_demo.o(.data) for limit
    main.o(i.main) refers to pulse_demo.o(.data) for rd_state
    main.o(i.main) refers to uart_demo.o(.data) for Go
    main.o(i.main) refers to main.o(.data) for .data
    main.o(i.main) refers to uart_demo.o(i.uart_rx_finish) for uart_rx_finish
    main.o(i.main) refers to main.o(.bss) for .bss
    uart_demo.o(i.Test_ADC) refers to rt_memcpy_w.o(.text) for __aeabi_memcpy4
    uart_demo.o(i.Test_ADC) refers to uart.o(i.HAL_UART_Write_Polling) for HAL_UART_Write_Polling
    uart_demo.o(i.Test_DMA) refers to rt_memcpy_w.o(.text) for __aeabi_memcpy4
    uart_demo.o(i.Test_DMA) refers to uart.o(i.HAL_UART_Write_Polling) for HAL_UART_Write_Polling
    uart_demo.o(i.Test_EXTI) refers to rt_memcpy_w.o(.text) for __aeabi_memcpy4
    uart_demo.o(i.Test_EXTI) refers to uart.o(i.HAL_UART_Write_Polling) for HAL_UART_Write_Polling
    uart_demo.o(i.Test_Gpio) refers to rt_memcpy_w.o(.text) for __aeabi_memcpy4
    uart_demo.o(i.Test_Gpio) refers to uart.o(i.HAL_UART_Write_Polling) for HAL_UART_Write_Polling
    uart_demo.o(i.Test_I2C) refers to rt_memcpy_w.o(.text) for __aeabi_memcpy4
    uart_demo.o(i.Test_I2C) refers to uart.o(i.HAL_UART_Write_Polling) for HAL_UART_Write_Polling
    uart_demo.o(i.Test_I2S) refers to rt_memcpy_w.o(.text) for __aeabi_memcpy4
    uart_demo.o(i.Test_I2S) refers to uart.o(i.HAL_UART_Write_Polling) for HAL_UART_Write_Polling
    uart_demo.o(i.Test_RTC) refers to rt_memcpy_w.o(.text) for __aeabi_memcpy4
    uart_demo.o(i.Test_RTC) refers to uart.o(i.HAL_UART_Write_Polling) for HAL_UART_Write_Polling
    uart_demo.o(i.Test_SPI) refers to rt_memcpy_w.o(.text) for __aeabi_memcpy4
    uart_demo.o(i.Test_SPI) refers to uart.o(i.HAL_UART_Write_Polling) for HAL_UART_Write_Polling
    uart_demo.o(i.Test_Timer) refers to rt_memcpy_w.o(.text) for __aeabi_memcpy4
    uart_demo.o(i.Test_Timer) refers to uart.o(i.HAL_UART_Write_Polling) for HAL_UART_Write_Polling
    uart_demo.o(i.Test_WDT) refers to rt_memcpy_w.o(.text) for __aeabi_memcpy4
    uart_demo.o(i.Test_WDT) refers to uart.o(i.HAL_UART_Write_Polling) for HAL_UART_Write_Polling
    uart_demo.o(i.UART_INIT) refers to syscon.o(i.HAL_SYSCON_Function_IO_Set) for HAL_SYSCON_Function_IO_Set
    uart_demo.o(i.UART_INIT) refers to int_register.o(i.UART_Int_Register) for UART_Int_Register
    uart_demo.o(i.UART_INIT) refers to uart.o(i.HAL_UART_Init) for HAL_UART_Init
    uart_demo.o(i.UART_INIT) refers to uart.o(i.HAL_UART_FIFO_Control) for HAL_UART_FIFO_Control
    uart_demo.o(i.UART_INIT) refers to uart_demo.o(.bss) for .bss
    uart_demo.o(i.UART_INIT) refers to uart.o(i.HAL_UART_Isr) for HAL_UART_Isr
    uart_demo.o(i.test_uart0_write) refers to uart.o(i.HAL_UART_Write) for HAL_UART_Write
    uart_demo.o(i.test_uart0_write) refers to uart_demo.o(.data) for .data
    uart_demo.o(i.test_uart0_write) refers to uart_demo.o(i.test_uart_tx_callback) for test_uart_tx_callback
    uart_demo.o(i.test_uart_finish) refers to abort.o(.text) for abort
    uart_demo.o(i.test_uart_rx_finish) refers to abort.o(.text) for abort
    uart_demo.o(i.test_uart_rx_finish) refers to uart.o(i.HAL_UART_Write_Polling) for HAL_UART_Write_Polling
    uart_demo.o(i.test_uart_rx_finish) refers to uart_demo.o(i.Test_Gpio) for Test_Gpio
    uart_demo.o(i.test_uart_rx_finish) refers to uart_demo.o(i.Test_Timer) for Test_Timer
    uart_demo.o(i.test_uart_rx_finish) refers to uart_demo.o(i.Test_RTC) for Test_RTC
    uart_demo.o(i.test_uart_rx_finish) refers to uart_demo.o(i.Test_DMA) for Test_DMA
    uart_demo.o(i.test_uart_rx_finish) refers to uart_demo.o(i.Test_EXTI) for Test_EXTI
    uart_demo.o(i.test_uart_rx_finish) refers to uart_demo.o(i.Test_SPI) for Test_SPI
    uart_demo.o(i.test_uart_rx_finish) refers to uart_demo.o(i.Test_I2C) for Test_I2C
    uart_demo.o(i.test_uart_rx_finish) refers to uart_demo.o(i.Test_I2S) for Test_I2S
    uart_demo.o(i.test_uart_rx_finish) refers to uart_demo.o(i.Test_WDT) for Test_WDT
    uart_demo.o(i.test_uart_rx_finish) refers to uart_demo.o(i.Test_ADC) for Test_ADC
    uart_demo.o(i.test_uart_rx_finish) refers to main.o(.bss) for read_buf
    uart_demo.o(i.test_uart_rx_finish) refers to uart_demo.o(.data) for .data
    uart_demo.o(i.test_uart_send) refers to uart.o(i.HAL_UART_Write) for HAL_UART_Write
    uart_demo.o(i.test_uart_send) refers to uart_demo.o(.data) for .data
[...]
    !!!main                                  0x00000118   Section        8  __main.o(!!!main)
    !!!scatter                               0x00000120   Section       52  __scatter.o(!!!scatter)
    !!dczerorl2                              0x00000154   Section       90  __dczerorl2.o(!!dczerorl2)
    !!handler_zi                             0x000001b0   Section       28  __scatter_zi.o(!!handler_zi)
    .ARM.Collect$$_printf_percent$$00000000  0x000001cc   Section        0  _printf_percent.o(.ARM.Collect$$_printf_percent$$00000000)
    .ARM.Collect$$_printf_percent$$00000009  0x000001cc   Section        6  _printf_d.o(.ARM.Collect$$_printf_percent$$00000009)
    .ARM.Collect$$_printf_percent$$00000014  0x000001d2   Section        6  _printf_s.o(.ARM.Collect$$_printf_percent$$00000014)
    .ARM.Collect$$_printf_percent$$00000017  0x000001d8   Section        4  _printf_percent_end.o(.ARM.Collect$$_printf_percent$$00000017)
    .ARM.Collect$$libinit$$00000000          0x000001dc   Section        2  libinit.o(.ARM.Collect$$libinit$$00000000)
    .ARM.Collect$$libinit$$00000002          0x000001de   Section        0  libinit2.o(.ARM.Collect$$libinit$$00000002)
    .ARM.Collect$$libinit$$00000004          0x000001de   Section        0  libinit2.o(.ARM.Collect$$libinit$$00000004)
    .ARM.Collect$$libinit$$0000000A          0x000001de   Section        0  libinit2.o(.ARM.Collect$$libinit$$0000000A)
    .ARM.Collect$$libinit$$0000000C          0x000001de   Section        0  libinit2.o(.ARM.Collect$$libinit$$0000000C)
    .ARM.Collect$$libinit$$0000000E          0x000001de   Section        0  libinit2.o(.ARM.Collect$$libinit$$0000000E)
    .ARM.Collect$$libinit$$00000011          0x000001de   Section        0  libinit2.o(.ARM.Collect$$libinit$$00000011)
    .ARM.Collect$$libinit$$00000013          0x000001de   Section        0  libinit2.o(.ARM.Collect$$libinit$$00000013)
    .ARM.Collect$$libinit$$00000015          0x000001de   Section        0  libinit2.o(.ARM.Collect$$libinit$$00000015)
    .ARM.Collect$$libinit$$00000017          0x000001de   Section        0  libinit2.o(.ARM.Collect$$libinit$$00000017)
    .ARM.Collect$$libinit$$00000019          0x000001de   Section        0  libinit2.o(.ARM.Collect$$libinit$$00000019)
    .ARM.Collect$$libinit$$0000001B          0x000001de   Section        0  libinit2.o(.ARM.Collect$$libinit$$0000001B)
    .ARM.Collect$$libinit$$0000001D          0x000001de   Section        0  libinit2.o(.ARM.Collect$$libinit$$0000001D)
    .ARM.Collect$$libinit$$0000001F          0x000001de   Section        0  libinit2.o(.ARM.Collect$$libinit$$0000001F)
    .ARM.Collect$$libinit$$00000021          0x000001de   Section        0  libinit2.o(.ARM.Collect$$libinit$$00000021)
    .ARM.Collect$$libinit$$00000023          0x000001de   Section        0  libinit2.o(.ARM.Collect$$libinit$$00000023)
    .ARM.Collect$$libinit$$00000025          0x000001de   Section        0  libinit2.o(.ARM.Collect$$libinit$$00000025)
    .ARM.Collect$$libinit$$0000002C          0x000001de   Section        0  libinit2.o(.ARM.Collect$$libinit$$0000002C)
    .ARM.Collect$$libinit$$0000002E          0x000001de   Section        0  libinit2.o(.ARM.Collect$$libinit$$0000002E)
    .ARM.Collect$$libinit$$00000030          0x000001de   Section        0  libinit2.o(.ARM.Collect$$libinit$$00000030)
    .ARM.Collect$$libinit$$00000032          0x000001de   Section        0  libinit2.o(.ARM.Collect$$libinit$$00000032)
    .ARM.Collect$$libinit$$00000033          0x000001de   Section        2  libinit2.o(.ARM.Collect$$libinit$$00000033)
    .ARM.Collect$$libshutdown$$00000000      0x000001e0   Section        2  libshutdown.o(.ARM.Collect$$libshutdown$$00000000)
    .ARM.Collect$$libshutdown$$00000002      0x000001e2   Section        0  libshutdown2.o(.ARM.Collect$$libshutdown$$00000002)
    .ARM.Collect$$libshutdown$$00000004      0x000001e2   Section        0  libshutdown2.o(.ARM.Collect$$libshutdown$$00000004)
    .ARM.Collect$$libshutdown$$00000007      0x000001e2   Section        0  libshutdown2.o(.ARM.Collect$$libshutdown$$00000007)
    .ARM.Collect$$libshutdown$$0000000A      0x000001e2   Section        0  libshutdown2.o(.ARM.Collect$$libshutdown$$0000000A)
    .ARM.Collect$$libshutdown$$0000000C      0x000001e2   Section        0  libshutdown2.o(.ARM.Collect$$libshutdown$$0000000C)
    .ARM.Collect$$libshutdown$$0000000F      0x000001e2   Section        0  libshutdown2.o(.ARM.Collect$$libshutdown$$0000000F)
    .ARM.Collect$$libshutdown$$00000010      0x000001e2   Section        2  libshutdown2.o(.ARM.Collect$$libshutdown$$00000010)
    .ARM.Collect$$rtentry$$00000000          0x000001e4   Section        0  __rtentry.o(.ARM.Collect$$rtentry$$00000000)
    .ARM.Collect$$rtentry$$00000002          0x000001e4   Section        0  __rtentry2.o(.ARM.Collect$$rtentry$$00000002)
    .ARM.Collect$$rtentry$$00000004          0x000001e4   Section        6  __rtentry4.o(.ARM.Collect$$rtentry$$00000004)
    .ARM.Collect$$rtentry$$00000009          0x000001ea   Section        0  __rtentry2.o(.ARM.Collect$$rtentry$$00000009)
    .ARM.Collect$$rtentry$$0000000A          0x000001ea   Section        4  __rtentry2.o(.ARM.Collect$$rtentry$$0000000A)
    .ARM.Collect$$rtentry$$0000000C          0x000001ee   Section        0  __rtentry2.o(.ARM.Collect$$rtentry$$0000000C)
    .ARM.Collect$$rtentry$$0000000D          0x000001ee   Section        8  __rtentry2.o(.ARM.Collect$$rtentry$$0000000D)
    .ARM.Collect$$rtexit$$00000000           0x000001f6   Section        2  rtexit.o(.ARM.Collect$$rtexit$$00000000)
    .ARM.Collect$$rtexit$$00000002           0x000001f8   Section        0  rtexit2.o(.ARM.Collect$$rtexit$$00000002)
    .ARM.Collect$$rtexit$$00000003           0x000001f8   Section        4  rtexit2.o(.ARM.Collect$$rtexit$$00000003)
    .ARM.Collect$$rtexit$$00000004           0x000001fc   Section        6  rtexit2.o(.ARM.Collect$$rtexit$$00000004)
    .text                                    0x00000204   Section       64  startup_elf2.o(.text)
    .text                                    0x00000244   Section        0  noretval__2printf.o(.text)
    .text                                    0x0000025c   Section        0  __printf.o(.text)
    .text                                    0x000002c4   Section        0  _printf_str.o(.text)
    .text                                    0x00000318   Section        0  _printf_dec.o(.text)
    .text                                    0x00000390   Section        0  abort.o(.text)
    .text                                    0x000003a6   Section       68  rt_memclr.o(.text)
    .text                                    0x000003ea   Section        0  heapauxi.o(.text)
    .text                                    0x000003f0   Section        0  sys_exit.o(.text)
    .text                                    0x000003fc   Section        0  _printf_intcommon.o(.text)
    .text                                    0x000004ae   Section        0  _printf_char.o(.text)
    .text                                    0x000004dc   Section        0  _printf_char_file.o(.text)
    .text                                    0x00000500   Section        0  defsig_abrt_outer.o(.text)
    .text                                    0x0000050e   Section       78  rt_memclr_w.o(.text)
    .text                                    0x0000055c   Section        2  use_no_semi.o(.text)
    .text                                    0x0000055e   Section        0  indicate_semi.o(.text)
    .text                                    0x00000560   Section        0  _printf_char_common.o(.text)
    _printf_input_char                       0x00000561   Thumb Code    10  _printf_char_common.o(.text)
    .text                                    0x00000590   Section        0  ferror.o(.text)
    .text                                    0x00000598   Section        0  defsig_exit.o(.text)
    .text                                    0x000005a4   Section        0  defsig_abrt_inner.o(.text)
    .text                                    0x000005d4   Section       74  sys_stackheap_outer.o(.text)
    .text                                    0x0000061e   Section        0  exit.o(.text)
    .text                                    0x00000630   Section        0  defsig_general.o(.text)
    .text                                    0x00000662   Section        0  sys_wrch.o(.text)
    .text                                    0x00000670   Section        8  libspace.o(.text)
    i.ADCC0_IRQHandler                       0x00000678   Section        0  intc.o(i.ADCC0_IRQHandler)
    i.ADCC1_IRQHandler                       0x00000694   Section        0  intc.o(i.ADCC1_IRQHandler)
    i.ADCC2_IRQHandler                       0x000006b0   Section        0  intc.o(i.ADCC2_IRQHandler)
    i.ADCC3_IRQHandler                       0x000006cc   Section        0  intc.o(i.ADCC3_IRQHandler)
    i.ADCC4_IRQHandler                       0x000006e8   Section        0  intc.o(i.ADCC4_IRQHandler)
    i.ADCC5_IRQHandler                       0x00000704   Section        0  intc.o(i.ADCC5_IRQHandler)
    i.CH0_Deploy                             0x00000720   Section        0  pulse_demo.o(i.CH0_Deploy)
    i.CH0_OPREA                              0x0000079c   Section        0  timer_demo.o(i.CH0_OPREA)
    i.CH1_Deploy                             0x000008b4   Section        0  pulse_demo.o(i.CH1_Deploy)
    i.CH1_OPREA                              0x00000930   Section        0  timer_demo.o(i.CH1_OPREA)
    i.CH2_Deploy                             0x00000a48   Section        0  pulse_demo.o(i.CH2_Deploy)
    i.CH2_OPREA                              0x00000ac4   Section        0  timer_demo.o(i.CH2_OPREA)
    i.CH3_Deploy                             0x00000bd8   Section        0  pulse_demo.o(i.CH3_Deploy)
    i.CH3_OPREA                              0x00000c54   Section        0  timer_demo.o(i.CH3_OPREA)
    i.CH4_Deploy                             0x00000d68   Section        0  pulse_demo.o(i.CH4_Deploy)
    i.CH4_OPREA                              0x00000de4   Section        0  timer_demo.o(i.CH4_OPREA)
    i.CH5_Deploy                             0x00000ef8   Section        0  pulse_demo.o(i.CH5_Deploy)
    i.CH5_OPREA                              0x00000f74   Section        0  timer_demo.o(i.CH5_OPREA)
    i.CH6_Deploy                             0x0000108c   Section        0  pulse_demo.o(i.CH6_Deploy)
    i.CH6_OPREA                              0x00001108   Section        0  timer_demo.o(i.CH6_OPREA)
    i.CH7_Deploy                             0x00001220   Section        0  pulse_demo.o(i.CH7_Deploy)
    i.CH7_OPREA                              0x000012a0   Section        0  timer_demo.o(i.CH7_OPREA)
    i.CH8_Deploy                             0x000013c0   Section        0  pulse_demo.o(i.CH8_Deploy)
    i.CH8_OPREA                              0x00001440   Section        0  timer_demo.o(i.CH8_OPREA)
    i.CH9_Deploy                             0x00001560   Section        0  pulse_demo.o(i.CH9_Deploy)
    i.CH9_OPREA                              0x000015e0   Section        0  timer_demo.o(i.CH9_OPREA)
    i.CHA_Deploy                             0x00001700   Section        0  pulse_demo.o(i.CHA_Deploy)
    i.CHA_OPREA                              0x00001780   Section        0  timer_demo.o(i.CHA_OPREA)
    i.CHB_Deploy                             0x00001898   Section        0  pulse_demo.o(i.CHB_Deploy)
    i.CHB_OPREA                              0x00001918   Section        0  timer_demo.o(i.CHB_OPREA)
    i.CHC_Deploy                             0x00001a30   Section        0  pulse_demo.o(i.CHC_Deploy)
    i.CHC_OPREA                              0x00001ab0   Section        0  timer_demo.o(i.CHC_OPREA)
    i.CHD_Deploy                             0x00001bc8   Section        0  pulse_demo.o(i.CHD_Deploy)
    i.CHD_OPREA                              0x00001c48   Section        0  timer_demo.o(i.CHD_OPREA)
    i.CHE_Deploy                             0x00001d58   Section        0  pulse_demo.o(i.CHE_Deploy)
    i.CHE_OPREA                              0x00001dd8   Section        0  timer_demo.o(i.CHE_OPREA)
    i.CHF_Deploy                             0x00001ed8   Section        0  pulse_demo.o(i.CHF_Deploy)
    i.CHF_OPREA                              0x00001f58   Section        0  timer_demo.o(i.CHF_OPREA)
    i.CHn_Message_Send                       0x00002058   Section        0  pulse_demo.o(i.CHn_Message_Send)
    i.CHn_ORDER_SEND                         0x00002090   Section        0  pulse_demo.o(i.CHn_ORDER_SEND)
    i.DMAC_IRQHandler                        0x0000236c   Section        0  intc.o(i.DMAC_IRQHandler)
    i.EXT_IRQHandler                         0x00002388   Section        0  intc.o(i.EXT_IRQHandler)
    i.GPIO_IRQHandler                        0x000023a4   Section        0  intc.o(i.GPIO_IRQHandler)
    i.HAL_SYSCON_Function_IO_Set             0x000023c0   Section        0  syscon.o(i.HAL_SYSCON_Function_IO_Set)
    i.HAL_SYSCON_HCLK_Src_Sel                0x00002574   Section        0  syscon.o(i.HAL_SYSCON_HCLK_Src_Sel)
    i.HAL_SYSCON_Set_HClk_Div                0x0000258c   Section        0  syscon.o(i.HAL_SYSCON_Set_HClk_Div)
    i.HAL_SYSCON_Set_PClk0_Div               0x000025f8   Section        0  syscon.o(i.HAL_SYSCON_Set_PClk0_Div)
    i.HAL_SYSCON_Set_PClk1_Div               0x00002668   Section        0  syscon.o(i.HAL_SYSCON_Set_PClk1_Div)
    i.HAL_SYSCON_Set_RTC_Div                 0x000026d4   Section        0  syscon.o(i.HAL_SYSCON_Set_RTC_Div)
    i.HAL_TIMER_Enable                       0x00002794   Section        0  timer.o(i.HAL_TIMER_Enable)
    i.HAL_TIMER_Init                         0x000027c8   Section        0  timer.o(i.HAL_TIMER_Init)
    i.HAL_TIMER_Int_Clr                      0x00002878   Section        0  timer.o(i.HAL_TIMER_Int_Clr)
    i.HAL_TIMER_Set_LoadCount                0x00002898   Section        0  timer.o(i.HAL_TIMER_Set_LoadCount)
    i.HAL_UART_FIFO_Control                  0x000028cc   Section        0  uart.o(i.HAL_UART_FIFO_Control)
    i.HAL_UART_Init                          0x000028f8   Section        0  uart.o(i.HAL_UART_Init)
    i.HAL_UART_Isr                           0x0000296c   Section        0  uart.o(i.HAL_UART_Isr)
    i.HAL_UART_Read                          0x000029bc   Section        0  uart.o(i.HAL_UART_Read)
    i.HAL_UART_Set_BaudRate                  0x00002a60   Section        0  uart.o(i.HAL_UART_Set_BaudRate)
    HAL_UART_Set_BaudRate                    0x00002a61   Thumb Code   138  uart.o(i.HAL_UART_Set_BaudRate)
    i.HAL_UART_WriteChar_Polling             0x00002af0   Section        0  uart.o(i.HAL_UART_WriteChar_Polling)
    i.HAL_UART_Write_Polling                 0x00002b06   Section        0  uart.o(i.HAL_UART_Write_Polling)
    i.I2C0_IRQHandler                        0x00002b20   Section        0  intc.o(i.I2C0_IRQHandler)
    i.I2C1_IRQHandler                        0x00002b3c   Section        0  intc.o(i.I2C1_IRQHandler)
    i.I2S_IRQHandler                         0x00002b58   Section        0  intc.o(i.I2S_IRQHandler)
    i.QSPI_IRQHandler                        0x00002b74   Section        0  intc.o(i.QSPI_IRQHandler)
    i.RTC_IRQHandler                         0x00002b90   Section        0  intc.o(i.RTC_IRQHandler)
    i.SPIM_IRQHandler                        0x00002bac   Section        0  intc.o(i.SPIM_IRQHandler)
    i.SystemInit                             0x00002bc8   Section        0  system_elf2.o(i.SystemInit)
    i.TIMER_INIT                             0x00002c20   Section        0  timer_demo.o(i.TIMER_INIT)
    i.TIMER_IRQHandler                       0x00002c68   Section        0  intc.o(i.TIMER_IRQHandler)
    i.TIMER_Int_Register                     0x00002c84   Section        0  int_register.o(i.TIMER_Int_Register)
    i.UART_INIT                              0x00002c9c   Section        0  uart_demo.o(i.UART_INIT)
    i.UART_IRQHandler                        0x00002cf8   Section        0  intc.o(i.UART_IRQHandler)
    i.UART_Int_Register                      0x00002d14   Section        0  int_register.o(i.UART_Int_Register)
    i.WDT_IRQHandler                         0x00002d2c   Section        0  intc.o(i.WDT_IRQHandler)
    i.__aeabi_assert                         0x00002d38   Section        0  debug.o(i.__aeabi_assert)
    i.fputc                                  0x00002d6c   Section        0  log.o(i.fputc)
    i.int_callback_register                  0x00002d7c   Section        0  int_register.o(i.int_callback_register)
    int_callback_register                    0x00002d7d   Thumb Code    24  int_register.o(i.int_callback_register)
    i.main                                   0x00002d98   Section        0  main.o(i.main)
    i.sysc_awo_div_update_set                0x00002e74   Section        0  syscon.o(i.sysc_awo_div_update_set)
    sysc_awo_div_update_set                  0x00002e75   Thumb Code     6  syscon.o(i.sysc_awo_div_update_set)
    i.sysc_awo_rtc_div_para_m1_setf          0x00002e80   Section        0  syscon.o(i.sysc_awo_rtc_div_para_m1_setf)
    sysc_awo_rtc_div_para_m1_setf            0x00002e81   Thumb Code    14  syscon.o(i.sysc_awo_rtc_div_para_m1_setf)
    i.sysc_cpu_div_update_pack               0x00002e94   Section        0  timer.o(i.sysc_cpu_div_update_pack)
    sysc_cpu_div_update_pack                 0x00002e95   Thumb Code    18  timer.o(i.sysc_cpu_div_update_pack)
    i.sysc_cpu_func_en_set                   0x00002ea6   Section        0  syscon.o(i.sysc_cpu_func_en_set)
    sysc_cpu_func_en_set                     0x00002ea7   Thumb Code     8  syscon.o(i.sysc_cpu_func_en_set)
    i.timer_isr                              0x00002eb0   Section        0  timer_demo.o(i.timer_isr)
    i.uart_afce_setf                         0x00002f9c   Section        0  uart.o(i.uart_afce_setf)
    uart_afce_setf                           0x00002f9d   Thumb Code    14  uart.o(i.uart_afce_setf)
    i.uart_dlab_setf                         0x00002fb0   Section        0  uart.o(i.uart_dlab_setf)
    uart_dlab_setf                           0x00002fb1   Thumb Code    14  uart.o(i.uart_dlab_setf)
    i.uart_eps_setf                          0x00002fc4   Section        0  uart.o(i.uart_eps_setf)
    uart_eps_setf                            0x00002fc5   Thumb Code    14  uart.o(i.uart_eps_setf)
    i.uart_erbfi_setf                        0x00002fd8   Section        0  uart.o(i.uart_erbfi_setf)
    uart_erbfi_setf                          0x00002fd9   Thumb Code    14  uart.o(i.uart_erbfi_setf)
    i.uart_etbei_setf                        0x00002fec   Section        0  uart.o(i.uart_etbei_setf)
    uart_etbei_setf                          0x00002fed   Thumb Code    14  uart.o(i.uart_etbei_setf)
    i.uart_pen_setf                          0x00003000   Section        0  uart.o(i.uart_pen_setf)
    uart_pen_setf                            0x00003001   Thumb Code    14  uart.o(i.uart_pen_setf)
    i.uart_rbr_get                           0x00003014   Section        0  uart.o(i.uart_rbr_get)
    uart_rbr_get                             0x00003015   Thumb Code     6  uart.o(i.uart_rbr_get)
    i.uart_rec_data_avail_isr                0x00003020   Section        0  uart.o(i.uart_rec_data_avail_isr)
    uart_rec_data_avail_isr                  0x00003021   Thumb Code   270  uart.o(i.uart_rec_data_avail_isr)
    i.uart_rec_error_isr                     0x0000315c   Section        0  uart.o(i.uart_rec_error_isr)
    uart_rec_error_isr                       0x0000315d   Thumb Code    76  uart.o(i.uart_rec_error_isr)
    i.uart_rx_finish                         0x000031b0   Section        0  uart_demo.o(i.uart_rx_finish)
    i.uart_tfnf_getf                         0x00003314   Section        0  uart.o(i.uart_tfnf_getf)
    uart_tfnf_getf                           0x00003315   Thumb Code    10  uart.o(i.uart_tfnf_getf)
    i.uart_thr_empty_isr                     0x00003324   Section        0  uart.o(i.uart_thr_empty_isr)
    uart_thr_empty_isr                       0x00003325   Thumb Code    98  uart.o(i.uart_thr_empty_isr)
    i.uart_thr_set                           0x000033b0   Section        0  uart.o(i.uart_thr_set)
    uart_thr_set                             0x000033b1   Thumb Code     6  uart.o(i.uart_thr_set)
    x$fpl$fadd                               0x000033bc   Section      196  faddsub_clz.o(x$fpl$fadd)
    _fadd1                                   0x000033cb   Thumb Code     0  faddsub_clz.o(x$fpl$fadd)
    x$fpl$fdiv                               0x00003480   Section      388  fdiv.o(x$fpl$fdiv)
    _fdiv1                                   0x00003481   Thumb Code     0  fdiv.o(x$fpl$fdiv)
    x$fpl$ffix                               0x00003604   Section       54  ffix.o(x$fpl$ffix)
    x$fpl$ffltu                              0x0000363c   Section       38  fflt_clz.o(x$fpl$ffltu)
    x$fpl$fmul                               0x00003664   Section      258  fmul.o(x$fpl$fmul)
    x$fpl$fnaninf                            0x00003766   Section      140  fnaninf.o(x$fpl$fnaninf)
    x$fpl$fretinf                            0x000037f2   Section       10  fretinf.o(x$fpl$fretinf)
    x$fpl$fsub                               0x000037fc   Section      234  faddsub_clz.o(x$fpl$fsub)
    _fsub1                                   0x0000380b   Thumb Code     0  faddsub_clz.o(x$fpl$fsub)
    x$fpl$usenofp                            0x000038e6   Section        0  usenofp.o(x$fpl$usenofp)
    .data                                    0x20000000   Section       64  main.o(.data)
    .data                                    0x20000040   Section      656  uart_demo.o(.data)
    .data                                    0x200002d0   Section      204  timer_demo.o(.data)
    parameter                                0x200002d0   Data           1  timer_demo.o(.data)
    .data                                    0x2000039c   Section      160  pulse_demo.o(.data)
    .data                                    0x2000043c   Section        4  system_elf2.o(.data)
    .data                                    0x20000440   Section        4  log.o(.data)
    .bss                                     0x20000444   Section       20  main.o(.bss)
    .bss                                     0x20000458   Section       44  uart_demo.o(.bss)
    .bss                                     0x20000484   Section       44  uart.o(.bss)
    uart_env                                 0x20000484   Data          44  uart.o(.bss)
    .bss                                     0x200004b0   Section       96  libspace.o(.bss)
    HEAP                                     0x20000510   Section      256  startup_elf2.o(HEAP)
    Heap_Mem                                 0x20000510   Data         256  startup_elf2.o(HEAP)
    STACK                                    0x20000610   Section     1024  startup_elf2.o(STACK)
    Stack_Mem                                0x20000610   Data        1024  startup_elf2.o(STACK)
    __initial_sp                             0x20000a10   Data           0  startup_elf2.o(STACK)

    Global Symbols

    Symbol Name                              Value     Ov Type        Size  Object(Section)

    BuildAttributes$$THM_ISAv4$P$D$K$B$S$PE$A:L22UL41UL21$X:L11$S22US41US21$IEEE1$IW$USESV6$~STKCKD$USESV7$~SHL$OSPACE$ROPI$EBA8$UX$STANDARDLIB$REQ8$PRES8$EABIv2 0x00000000   Number         0  anon$$obj.o ABSOLUTE
    __ARM_use_no_argv                        0x00000000   Number         0  main.o ABSOLUTE
    __Vectors                                0x00000000   Data           4  startup_elf2.o(RESET)
    __ARM_exceptions_init                     - Undefined Weak Reference
    __alloca_initialize                       - Undefined Weak Reference
    __arm_preinit_                            - Undefined Weak Reference
    __cpp_initialize__aeabi_                  - Undefined Weak Reference
    __cxa_finalize                            - Undefined Weak Reference
    __rt_locale                               - Undefined Weak Reference
    __sigvec_lookup                           - Undefined Weak Reference
    _atexit_init                              - Undefined Weak Reference
    _call_atexit_fns                          - Undefined Weak Reference
    _clock_init                               - Undefined Weak Reference
    _fp_trap_init                             - Undefined Weak Reference
    _fp_trap_shutdown                         - Undefined Weak Reference
    _get_lc_collate                           - Undefined Weak Reference
    _get_lc_ctype                             - Undefined Weak Reference
    _get_lc_monetary                          - Undefined Weak Reference
    _get_lc_numeric                           - Undefined Weak Reference
    _get_lc_time                              - Undefined Weak Reference
    _getenv_init                              - Undefined Weak Reference
    _handle_redirection                       - Undefined Weak Reference
    _init_alloc                               - Undefined Weak Reference
    _init_user_alloc                          - Undefined Weak Reference
    _initio                                   - Undefined Weak Reference
    _mutex_acquire                            - Undefined Weak Reference
    _mutex_release                            - Undefined Weak Reference
    _printf_mbtowc                            - Undefined Weak Reference
    _printf_post_padding                      - Undefined Weak Reference
    _printf_pre_padding                       - Undefined Weak Reference
    _printf_truncate_signed                   - Undefined Weak Reference
    _printf_truncate_unsigned                 - Undefined Weak Reference
    _rand_init                                - Undefined Weak Reference
    _signal_finish                            - Undefined Weak Reference
    _signal_init                              - Undefined Weak Reference
    _terminate_alloc                          - Undefined Weak Reference
    _terminate_user_alloc                     - Undefined Weak Reference
    _terminateio                              - Undefined Weak Reference
    Image$$INT_CALLBACK_TBL$$Base            0x00000088   Number         0  anon$$obj.o ABSOLUTE
    __Vectors_End                            0x00000088   Data           0  startup_elf2.o(RESET)
    __Vectors_Size                           0x00000088   Number         0  startup_elf2.o ABSOLUTE
    __main                                   0x00000119   Thumb Code     8  __main.o(!!!main)
    __scatterload                            0x00000121   Thumb Code     0  __scatter.o(!!!scatter)
    __scatterload_rt2                        0x00000121   Thumb Code    44  __scatter.o(!!!scatter)
    __scatterload_rt2_thumb_only             0x00000121   Thumb Code     0  __scatter.o(!!!scatter)
    __scatterload_null                       0x0000012f   Thumb Code     0  __scatter.o(!!!scatter)
    __decompress                             0x00000155   Thumb Code    90  __dczerorl2.o(!!dczerorl2)
    __decompress1                            0x00000155   Thumb Code     0  __dczerorl2.o(!!dczerorl2)
    __scatterload_zeroinit                   0x000001b1   Thumb Code    28  __scatter_zi.o(!!handler_zi)
    _printf_d                                0x000001cd   Thumb Code     0  _printf_d.o(.ARM.Collect$$_printf_percent$$00000009)
    _printf_percent                          0x000001cd   Thumb Code     0  _printf_percent.o(.ARM.Collect$$_printf_percent$$00000000)
    _printf_s                                0x000001d3   Thumb Code     0  _printf_s.o(.ARM.Collect$$_printf_percent$$00000014)
    _printf_percent_end                      0x000001d9   Thumb Code     0  _printf_percent_end.o(.ARM.Collect$$_printf_percent$$00000017)
    __rt_lib_init                            0x000001dd   Thumb Code     0  libinit.o(.ARM.Collect$$libinit$$00000000)
    __rt_lib_init_alloca_1                   0x000001df   Thumb Code     0  libinit2.o(.ARM.Collect$$libinit$$0000002E)
    __rt_lib_init_argv_1                     0x000001df   Thumb Code     0  libinit2.o(.ARM.Collect$$libinit$$0000002C)
    __rt_lib_init_atexit_1                   0x000001df   Thumb Code     0  libinit2.o(.ARM.Collect$$libinit$$0000001B)
    __rt_lib_init_clock_1                    0x000001df   Thumb Code     0  libinit2.o(.ARM.Collect$$libinit$$00000021)
    __rt_lib_init_cpp_1                      0x000001df   Thumb Code     0  libinit2.o(.ARM.Collect$$libinit$$00000032)
    __rt_lib_init_exceptions_1               0x000001df   Thumb Code     0  libinit2.o(.ARM.Collect$$libinit$$00000030)
    __rt_lib_init_fp_1                       0x000001df   Thumb Code     0  libinit2.o(.ARM.Collect$$libinit$$00000002)
    __rt_lib_init_fp_trap_1                  0x000001df   Thumb Code     0  libinit2.o(.ARM.Collect$$libinit$$0000001F)
    __rt_lib_init_getenv_1                   0x000001df   Thumb Code     0  libinit2.o(.ARM.Collect$$libinit$$00000023)
    __rt_lib_init_heap_1                     0x000001df   Thumb Code     0  libinit2.o(.ARM.Collect$$libinit$$0000000A)
    __rt_lib_init_lc_collate_1               0x000001df   Thumb Code     0  libinit2.o(.ARM.Collect$$libinit$$00000011)
    __rt_lib_init_lc_ctype_1                 0x000001df   Thumb Code     0  libinit2.o(.ARM.Collect$$libinit$$00000013)
    __rt_lib_init_lc_monetary_1              0x000001df   Thumb Code     0  libinit2.o(.ARM.Collect$$libinit$$00000015)
    __rt_lib_init_lc_numeric_1               0x000001df   Thumb Code     0  libinit2.o(.ARM.Collect$$libinit$$00000017)
    __rt_lib_init_lc_time_1                  0x000001df   Thumb Code     0  libinit2.o(.ARM.Collect$$libinit$$00000019)
    __rt_lib_init_preinit_1                  0x000001df   Thumb Code     0  libinit2.o(.ARM.Collect$$libinit$$00000004)
    __rt_lib_init_rand_1                     0x000001df   Thumb Code     0  libinit2.o(.ARM.Collect$$libinit$$0000000E)
    __rt_lib_init_return                     0x000001df   Thumb Code     0  libinit2.o(.ARM.Collect$$libinit$$00000033)
    __rt_lib_init_signal_1                   0x000001df   Thumb Code     0  libinit2.o(.ARM.Collect$$libinit$$0000001D)
    __rt_lib_init_stdio_1                    0x000001df   Thumb Code     0  libinit2.o(.ARM.Collect$$libinit$$00000025)
    __rt_lib_init_user_alloc_1               0x000001df   Thumb Code     0  libinit2.o(.ARM.Collect$$libinit$$0000000C)
    __rt_lib_shutdown                        0x000001e1   Thumb Code     0  libshutdown.o(.ARM.Collect$$libshutdown$$00000000)
    __rt_lib_shutdown_cpp_1                  0x000001e3   Thumb Code     0  libshutdown2.o(.ARM.Collect$$libshutdown$$00000002)
    __rt_lib_shutdown_fp_trap_1              0x000001e3   Thumb Code     0  libshutdown2.o(.ARM.Collect$$libshutdown$$00000007)
    __rt_lib_shutdown_heap_1                 0x000001e3   Thumb Code     0  libshutdown2.o(.ARM.Collect$$libshutdown$$0000000F)
    __rt_lib_shutdown_return                 0x000001e3   Thumb Code     0  libshutdown2.o(.ARM.Collect$$libshutdown$$00000010)
    __rt_lib_shutdown_signal_1               0x000001e3   Thumb Code     0  libshutdown2.o(.ARM.Collect$$libshutdown$$0000000A)
    __rt_lib_shutdown_stdio_1                0x000001e3   Thumb Code     0  libshutdown2.o(.ARM.Collect$$libshutdown$$00000004)
    __rt_lib_shutdown_user_alloc_1           0x000001e3   Thumb Code     0  libshutdown2.o(.ARM.Collect$$libshutdown$$0000000C)
    __rt_entry                               0x000001e5   Thumb Code     0  __rtentry.o(.ARM.Collect$$rtentry$$00000000)
    __rt_entry_presh_1                       0x000001e5   Thumb Code     0  __rtentry2.o(.ARM.Collect$$rtentry$$00000002)
    __rt_entry_sh                            0x000001e5   Thumb Code     0  __rtentry4.o(.ARM.Collect$$rtentry$$00000004)
    __rt_entry_li                            0x000001eb   Thumb Code     0  __rtentry2.o(.ARM.Collect$$rtentry$$0000000A)
    __rt_entry_postsh_1                      0x000001eb   Thumb Code     0  __rtentry2.o(.ARM.Collect$$rtentry$$00000009)
    __rt_entry_main                          0x000001ef   Thumb Code     0  __rtentry2.o(.ARM.Collect$$rtentry$$0000000D)
    __rt_entry_postli_1                      0x000001ef   Thumb Code     0  __rtentry2.o(.ARM.Collect$$rtentry$$0000000C)
    __rt_exit                                0x000001f7   Thumb Code     0  rtexit.o(.ARM.Collect$$rtexit$$00000000)
    __rt_exit_ls                             0x000001f9   Thumb Code     0  rtexit2.o(.ARM.Collect$$rtexit$$00000003)
    __rt_exit_prels_1                        0x000001f9   Thumb Code     0  rtexit2.o(.ARM.Collect$$rtexit$$00000002)
    __rt_exit_exit                           0x000001fd   Thumb Code     0  rtexit2.o(.ARM.Collect$$rtexit$$00000004)
    Reset_Handler                            0x00000205   Thumb Code     8  startup_elf2.o(.text)
    NMI_Handler                              0x0000020d   Thumb Code     2  startup_elf2.o(.text)
    HardFault_Handler                        0x0000020f   Thumb Code     2  startup_elf2.o(.text)
    MemManage_Handler                        0x00000211   Thumb Code     2  startup_elf2.o(.text)
    BusFault_Handler                         0x00000213   Thumb Code     2  startup_elf2.o(.text)
    UsageFault_Handler                       0x00000215   Thumb Code     2  startup_elf2.o(.text)
    SVC_Handler                              0x00000217   Thumb Code     2  startup_elf2.o(.text)
    DebugMon_Handler                         0x00000219   Thumb Code     2  startup_elf2.o(.text)
    PendSV_Handler                           0x0000021b   Thumb Code     2  startup_elf2.o(.text)
    SysTick_Handler                          0x0000021d   Thumb Code     2  startup_elf2.o(.text)
    __user_initial_stackheap                 0x00000221   Thumb Code    10  startup_elf2.o(.text)
    __2printf                                0x00000245   Thumb Code    20  noretval__2printf.o(.text)
    __printf                                 0x0000025d   Thumb Code   104  __printf.o(.text)
    _printf_str                              0x000002c5   Thumb Code    82  _printf_str.o(.text)
    _printf_int_dec                          0x00000319   Thumb Code   104  _printf_dec.o(.text)
    abort                                    0x00000391   Thumb Code    22  abort.o(.text)
    __aeabi_memclr                           0x000003a7   Thumb Code     0  rt_memclr.o(.text)
    __rt_memclr                              0x000003a7   Thumb Code    68  rt_memclr.o(.text)
    _memset                                  0x000003ab   Thumb Code     0  rt_memclr.o(.text)
    __use_two_region_memory                  0x000003eb   Thumb Code     2  heapauxi.o(.text)
    __rt_heap_escrow$2region                 0x000003ed   Thumb Code     2  heapauxi.o(.text)
    __rt_heap_expand$2region                 0x000003ef   Thumb Code     2  heapauxi.o(.text)
    _sys_exit                                0x000003f1   Thumb Code     8  sys_exit.o(.text)
    _printf_int_common                       0x000003fd   Thumb Code   178  _printf_intcommon.o(.text)
    _printf_cs_common                        0x000004af   Thumb Code    20  _printf_char.o(.text)
    _printf_char                             0x000004c3   Thumb Code    16  _printf_char.o(.text)
    _printf_string                           0x000004d3   Thumb Code     8  _printf_char.o(.text)
    _printf_char_file                        0x000004dd   Thumb Code    32  _printf_char_file.o(.text)
    __rt_SIGABRT                             0x00000501   Thumb Code    14  defsig_abrt_outer.o(.text)
    __aeabi_memclr4                          0x0000050f   Thumb Code     0  rt_memclr_w.o(.text)
    __aeabi_memclr8                          0x0000050f   Thumb Code     0  rt_memclr_w.o(.text)
    __rt_memclr_w                            0x0000050f   Thumb Code    78  rt_memclr_w.o(.text)
    _memset_w                                0x00000513   Thumb Code     0  rt_memclr_w.o(.text)
    __I$use$semihosting                      0x0000055d   Thumb Code     0  use_no_semi.o(.text)
    __use_no_semihosting_swi                 0x0000055d   Thumb Code     2  use_no_semi.o(.text)
    __semihosting_library_function           0x0000055f   Thumb Code     0  indicate_semi.o(.text)
    _printf_char_common                      0x0000056b   Thumb Code    32  _printf_char_common.o(.text)
    ferror                                   0x00000591   Thumb Code     8  ferror.o(.text)
    __sig_exit                               0x00000599   Thumb Code    10  defsig_exit.o(.text)
    __rt_SIGABRT_inner                       0x000005a5   Thumb Code    14  defsig_abrt_inner.o(.text)
    __user_setup_stackheap                   0x000005d5   Thumb Code    74  sys_stackheap_outer.o(.text)
    exit                                     0x0000061f   Thumb Code    18  exit.o(.text)
    __default_signal_display                 0x00000631   Thumb Code    50  defsig_general.o(.text)
    _ttywrch                                 0x00000663   Thumb Code    14  sys_wrch.o(.text)
    __user_libspace                          0x00000671   Thumb Code     8  libspace.o(.text)
    __user_perproc_libspace                  0x00000671   Thumb Code     0  libspace.o(.text)
    __user_perthread_libspace                0x00000671   Thumb Code     0  libspace.o(.text)
    ADCC0_IRQHandler                         0x00000679   Thumb Code    22  intc.o(i.ADCC0_IRQHandler)
    ADCC1_IRQHandler                         0x00000695   Thumb Code    22  intc.o(i.ADCC1_IRQHandler)
    ADCC2_IRQHandler                         0x000006b1   Thumb Code    22  intc.o(i.ADCC2_IRQHandler)
    ADCC3_IRQHandler                         0x000006cd   Thumb Code    22  intc.o(i.ADCC3_IRQHandler)
    ADCC4_IRQHandler                         0x000006e9   Thumb Code    22  intc.o(i.ADCC4_IRQHandler)
    ADCC5_IRQHandler                         0x00000705   Thumb Code    22  intc.o(i.ADCC5_IRQHandler)
    CH0_Deploy                               0x00000721   Thumb Code    94  pulse_demo.o(i.CH0_Deploy)
    CH0_OPREA                                0x0000079d   Thumb Code   232  timer_demo.o(i.CH0_OPREA)
    CH1_Deploy                               0x000008b5   Thumb Code    94  pulse_demo.o(i.CH1_Deploy)
    CH1_OPREA                                0x00000931   Thumb Code   232  timer_demo.o(i.CH1_OPREA)
    CH2_Deploy                               0x00000a49   Thumb Code    94  pulse_demo.o(i.CH2_Deploy)
    CH2_OPREA                                0x00000ac5   Thumb Code   230  timer_demo.o(i.CH2_OPREA)
    CH3_Deploy                               0x00000bd9   Thumb Code    94  pulse_demo.o(i.CH3_Deploy)
    CH3_OPREA                                0x00000c55   Thumb Code   230  timer_demo.o(i.CH3_OPREA)
    CH4_Deploy                               0x00000d69   Thumb Code    94  pulse_demo.o(i.CH4_Deploy)
    CH4_OPREA                                0x00000de5   Thumb Code   230  timer_demo.o(i.CH4_OPREA)
    CH5_Deploy                               0x00000ef9   Thumb Code    94  pulse_demo.o(i.CH5_Deploy)
    CH5_OPREA                                0x00000f75   Thumb Code   234  timer_demo.o(i.CH5_OPREA)
    CH6_Deploy                               0x0000108d   Thumb Code    94  pulse_demo.o(i.CH6_Deploy)
    CH6_OPREA                                0x00001109   Thumb Code   234  timer_demo.o(i.CH6_OPREA)
    CH7_Deploy                               0x00001221   Thumb Code    98  pulse_demo.o(i.CH7_Deploy)
    CH7_OPREA                                0x000012a1   Thumb Code   242  timer_demo.o(i.CH7_OPREA)
    CH8_Deploy                               0x000013c1   Thumb Code    98  pulse_demo.o(i.CH8_Deploy)
    CH8_OPREA                                0x00001441   Thumb Code   238  timer_demo.o(i.CH8_OPREA)
    CH9_Deploy                               0x00001561   Thumb Code    98  pulse_demo.o(i.CH9_Deploy)
    CH9_OPREA                                0x000015e1   Thumb Code   238  timer_demo.o(i.CH9_OPREA)
    CHA_Deploy                               0x00001701   Thumb Code   100  pulse_demo.o(i.CHA_Deploy)
    CHA_OPREA                                0x00001781   Thumb Code   232  timer_demo.o(i.CHA_OPREA)
    CHB_Deploy                               0x00001899   Thumb Code   100  pulse_demo.o(i.CHB_Deploy)
    CHB_OPREA                                0x00001919   Thumb Code   232  timer_demo.o(i.CHB_OPREA)
    CHC_Deploy                               0x00001a31   Thumb Code   100  pulse_demo.o(i.CHC_Deploy)
    CHC_OPREA                                0x00001ab1   Thumb Code   232  timer_demo.o(i.CHC_OPREA)
    CHD_Deploy                               0x00001bc9   Thumb Code   100  pulse_demo.o(i.CHD_Deploy)
    CHD_OPREA                                0x00001c49   Thumb Code   228  timer_demo.o(i.CHD_OPREA)
    CHE_Deploy                               0x00001d59   Thumb Code   100  pulse_demo.o(i.CHE_Deploy)
    CHE_OPREA                                0x00001dd9   Thumb Code   210  timer_demo.o(i.CHE_OPREA)
    CHF_Deploy                               0x00001ed9   Thumb Code   100  pulse_demo.o(i.CHF_Deploy)
    CHF_OPREA                                0x00001f59   Thumb Code   210  timer_demo.o(i.CHF_OPREA)
    CHn_Message_Send                         0x00002059   Thumb Code    48  pulse_demo.o(i.CHn_Message_Send)
    CHn_ORDER_SEND                           0x00002091   Thumb Code   454  pulse_demo.o(i.CHn_ORDER_SEND)
    DMAC_IRQHandler                          0x0000236d   Thumb Code    22  intc.o(i.DMAC_IRQHandler)
    EXT_IRQHandler                           0x00002389   Thumb Code    22  intc.o(i.EXT_IRQHandler)
    GPIO_IRQHandler                          0x000023a5   Thumb Code    22  intc.o(i.GPIO_IRQHandler)
    HAL_SYSCON_Function_IO_Set               0x000023c1   Thumb Code   436  syscon.o(i.HAL_SYSCON_Function_IO_Set)
    HAL_SYSCON_HCLK_Src_Sel                  0x00002575   Thumb Code    18  syscon.o(i.HAL_SYSCON_HCLK_Src_Sel)
    HAL_SYSCON_Set_HClk_Div                  0x0000258d   Thumb Code    48  syscon.o(i.HAL_SYSCON_Set_HClk_Div)
    HAL_SYSCON_Set_PClk0_Div                 0x000025f9   Thumb Code    54  syscon.o(i.HAL_SYSCON_Set_PClk0_Div)
    HAL_SYSCON_Set_PClk1_Div                 0x00002669   Thumb Code    48  syscon.o(i.HAL_SYSCON_Set_PClk1_Div)
    HAL_SYSCON_Set_RTC_Div                   0x000026d5   Thumb Code    90  syscon.o(i.HAL_SYSCON_Set_RTC_Div)
    HAL_TIMER_Enable                         0x00002795   Thumb Code    48  timer.o(i.HAL_TIMER_Enable)
    HAL_TIMER_Init                           0x000027c9   Thumb Code   172  timer.o(i.HAL_TIMER_Init)
    HAL_TIMER_Int_Clr                        0x00002879   Thumb Code    28  timer.o(i.HAL_TIMER_Int_Clr)
    HAL_TIMER_Set_LoadCount                  0x00002899   Thumb Code    48  timer.o(i.HAL_TIMER_Set_LoadCount)
    HAL_UART_FIFO_Control                    0x000028cd   Thumb Code    38  uart.o(i.HAL_UART_FIFO_Control)
    HAL_UART_Init                            0x000028f9   Thumb Code   110  uart.o(i.HAL_UART_Init)
    HAL_UART_Isr                             0x0000296d   Thumb Code    74  uart.o(i.HAL_UART_Isr)
    HAL_UART_Read                            0x000029bd   Thumb Code    88  uart.o(i.HAL_UART_Read)
    HAL_UART_WriteChar_Polling               0x00002af1   Thumb Code    22  uart.o(i.HAL_UART_WriteChar_Polling)
    HAL_UART_Write_Polling                   0x00002b07   Thumb Code    26  uart.o(i.HAL_UART_Write_Polling)
    I2C0_IRQHandler                          0x00002b21   Thumb Code    22  intc.o(i.I2C0_IRQHandler)
    I2C1_IRQHandler                          0x00002b3d   Thumb Code    22  intc.o(i.I2C1_IRQHandler)
    I2S_IRQHandler                           0x00002b59   Thumb Code    22  intc.o(i.I2S_IRQHandler)
    QSPI_IRQHandler                          0x00002b75   Thumb Code    22  intc.o(i.QSPI_IRQHandler)
    RTC_IRQHandler                           0x00002b91   Thumb Code    22  intc.o(i.RTC_IRQHandler)
    SPIM_IRQHandler                          0x00002bad   Thumb Code    22  intc.o(i.SPIM_IRQHandler)
    SystemInit                               0x00002bc9   Thumb Code    76  system_elf2.o(i.SystemInit)
    TIMER_INIT                               0x00002c21   Thumb Code    60  timer_demo.o(i.TIMER_INIT)
    TIMER_IRQHandler                         0x00002c69   Thumb Code    22  intc.o(i.TIMER_IRQHandler)
    TIMER_Int_Register                       0x00002c85   Thumb Code    22  int_register.o(i.TIMER_Int_Register)
    UART_INIT                                0x00002c9d   Thumb Code    80  uart_demo.o(i.UART_INIT)
    UART_IRQHandler                          0x00002cf9   Thumb Code    22  intc.o(i.UART_IRQHandler)
    UART_Int_Register                        0x00002d15   Thumb Code    24  int_register.o(i.UART_Int_Register)
    WDT_IRQHandler                           0x00002d2d   Thumb Code     8  intc.o(i.WDT_IRQHandler)
    __aeabi_assert                           0x00002d39   Thumb Code    12  debug.o(i.__aeabi_assert)
    fputc                                    0x00002d6d   Thumb Code    14  log.o(i.fputc)
    main                                     0x00002d99   Thumb Code   182  main.o(i.main)
    timer_isr                                0x00002eb1   Thumb Code   210  timer_demo.o(i.timer_isr)
    uart_rx_finish                           0x000031b1   Thumb Code   348  uart_demo.o(i.uart_rx_finish)
    __aeabi_fadd                             0x000033bd   Thumb Code     0  faddsub_clz.o(x$fpl$fadd)
    _fadd                                    0x000033bd   Thumb Code   196  faddsub_clz.o(x$fpl$fadd)
    __aeabi_fdiv                             0x00003481   Thumb Code     0  fdiv.o(x$fpl$fdiv)
    _fdiv                                    0x00003481   Thumb Code   384  fdiv.o(x$fpl$fdiv)
    __aeabi_f2iz                             0x00003605   Thumb Code     0  ffix.o(x$fpl$ffix)
    _ffix                                    0x00003605   Thumb Code    54  ffix.o(x$fpl$ffix)
    __aeabi_ui2f                             0x0000363d   Thumb Code     0  fflt_clz.o(x$fpl$ffltu)
    _ffltu                                   0x0000363d   Thumb Code    38  fflt_clz.o(x$fpl$ffltu)
    __aeabi_fmul                             0x00003665   Thumb Code     0  fmul.o(x$fpl$fmul)
    _fmul                                    0x00003665   Thumb Code   258  fmul.o(x$fpl$fmul)
    __fpl_fnaninf                            0x00003767   Thumb Code   140  fnaninf.o(x$fpl$fnaninf)
    __fpl_fretinf                            0x000037f3   Thumb Code    10  fretinf.o(x$fpl$fretinf)
    __aeabi_fsub                             0x000037fd   Thumb Code     0  faddsub_clz.o(x$fpl$fsub)
    _fsub                                    0x000037fd   Thumb Code   234  faddsub_clz.o(x$fpl$fsub)
    __I$use$fp                               0x000038e6   Number         0  usenofp.o(x$fpl$usenofp)
    Region$$Table$$Base                      0x000038e8   Number         0  anon$$obj.o(Region$$Table)
    Region$$Table$$Limit                     0x00003908   Number         0  anon$$obj.o(Region$$Table)
    I_0                                      0x20000000   Data           4  main.o(.data)
    I_1                                      0x20000004   Data           4  main.o(.data)
    I_2                                      0x20000008   Data           4  main.o(.data)
    I_3                                      0x2000000c   Data           4  main.o(.data)
    I_4                                      0x20000010   Data           4  main.o(.data)
    I_5                                      0x20000014   Data           4  main.o(.data)
    I_6                                      0x20000018   Data           4  main.o(.data)
    I_7                                      0x2000001c   Data           4  main.o(.data)
    I_8                                      0x20000020   Data           4  main.o(.data)
    I_9                                      0x20000024   Data           4  main.o(.data)
    I_A                                      0x20000028   Data           4  main.o(.data)
    I_B                                      0x2000002c   Data           4  main.o(.data)
    I_C                                      0x20000030   Data           4  main.o(.data)
    I_D                                      0x20000034   Data           4  main.o(.data)
    I_E                                      0x20000038   Data           4  main.o(.data)
    I_F                                      0x2000003c   Data           4  main.o(.data)
    NH                                       0x20000040   Data           1  uart_demo.o(.data)
    NL                                       0x20000041   Data           1  uart_demo.o(.data)
    Go                                       0x20000042   Data           1  uart_demo.o(.data)
    CHn                                      0x20000043   Data           1  uart_demo.o(.data)
    Order                                    0x20000044   Data           1  uart_demo.o(.data)
    send_end                                 0x20000045   Data           2  uart_demo.o(.data)
    FS_0                                     0x20000048   Data           2  uart_demo.o(.data)
    FS_1                                     0x2000004a   Data           2  uart_demo.o(.data)
    FS_2                                     0x2000004c   Data           2  uart_demo.o(.data)
    FS_3                                     0x2000004e   Data           2  uart_demo.o(.data)
    FS_4                                     0x20000050   Data           2  uart_demo.o(.data)
    FS_5                                     0x20000052   Data           2  uart_demo.o(.data)
    FS_6                                     0x20000054   Data           2  uart_demo.o(.data)
    FS_7                                     0x20000056   Data           2  uart_demo.o(.data)
    FS_8                                     0x20000058   Data           2  uart_demo.o(.data)
    FS_9                                     0x2000005a   Data           2  uart_demo.o(.data)
    FS_A                                     0x2000005c   Data           2  uart_demo.o(.data)
    FS_B                                     0x2000005e   Data           2  uart_demo.o(.data)
    FS_C                                     0x20000060   Data           2  uart_demo.o(.data)
    FS_D                                     0x20000062   Data           2  uart_demo.o(.data)
    FS_E                                     0x20000064   Data           2  uart_demo.o(.data)
    FS_F                                     0x20000066   Data           2  uart_demo.o(.data)
    Ms_0                                     0x20000068   Data           2  uart_demo.o(.data)
    Ms_1                                     0x2000006a   Data           2  uart_demo.o(.data)
    Ms_2                                     0x2000006c   Data           2  uart_demo.o(.data)
    Ms_3                                     0x2000006e   Data           2  uart_demo.o(.data)
    Ms_4                                     0x20000070   Data           2  uart_demo.o(.data)
    Ms_5                                     0x20000072   Data           2  uart_demo.o(.data)
    Ms_6                                     0x20000074   Data           2  uart_demo.o(.data)
    Ms_7                                     0x20000076   Data           2  uart_demo.o(.data)
    Ms_8                                     0x20000078   Data           2  uart_demo.o(.data)
    Ms_9                                     0x2000007a   Data           2  uart_demo.o(.data)
    Ms_A                                     0x2000007c   Data           2  uart_demo.o(.data)
    Ms_B                                     0x2000007e   Data           2  uart_demo.o(.data)
    Ms_C                                     0x20000080   Data           2  uart_demo.o(.data)
    Ms_D                                     0x20000082   Data           2  uart_demo.o(.data)
    Ms_E                                     0x20000084   Data           2  uart_demo.o(.data)
    Ms_F                                     0x20000086   Data           2  uart_demo.o(.data)
    FO_0                                     0x20000088   Data           4  uart_demo.o(.data)
    FO_1                                     0x2000008c   Data           4  uart_demo.o(.data)
    FO_2                                     0x20000090   Data           4  uart_demo.o(.data)
    FO_3                                     0x20000094   Data           4  uart_demo.o(.data)
    FO_4                                     0x20000098   Data           4  uart_demo.o(.data)
    FO_5                                     0x2000009c   Data           4  uart_demo.o(.data)
    FO_6                                     0x200000a0   Data           4  uart_demo.o(.data)
    FO_7                                     0x200000a4   Data           4  uart_demo.o(.data)
    FO_8                                     0x200000a8   Data           4  uart_demo.o(.data)
    FO_9                                     0x200000ac   Data           4  uart_demo.o(.data)
    FO_A                                     0x200000b0   Data           4  uart_demo.o(.data)
    FO_B                                     0x200000b4   Data           4  uart_demo.o(.data)
    FO_C                                     0x200000b8   Data           4  uart_demo.o(.data)
    FO_D                                     0x200000bc   Data           4  uart_demo.o(.data)
    FO_E                                     0x200000c0   Data           4  uart_demo.o(.data)
    FO_F                                     0x200000c4   Data           4  uart_demo.o(.data)
    Npulse_0                                 0x200000c8   Data           4  uart_demo.o(.data)
    Npulse_1                                 0x200000cc   Data           4  uart_demo.o(.data)
    Npulse_2                                 0x200000d0   Data           4  uart_demo.o(.data)
    Npulse_3                                 0x200000d4   Data           4  uart_demo.o(.data)
    Npulse_4                                 0x200000d8   Data           4  uart_demo.o(.data)
    Npulse_5                                 0x200000dc   Data           4  uart_demo.o(.data)
    Npulse_6                                 0x200000e0   Data           4  uart_demo.o(.data)
    Npulse_7                                 0x200000e4   Data           4  uart_demo.o(.data)
    Npulse_8                                 0x200000e8   Data           4  uart_demo.o(.data)
    Npulse_9                                 0x200000ec   Data           4  uart_demo.o(.data)
    Npulse_A                                 0x200000f0   Data           4  uart_demo.o(.data)
    Npulse_B                                 0x200000f4   Data           4  uart_demo.o(.data)
    Npulse_C                                 0x200000f8   Data           4  uart_demo.o(.data)
    Npulse_D                                 0x200000fc   Data           4  uart_demo.o(.data)
    Npulse_E                                 0x20000100   Data           4  uart_demo.o(.data)
    Npulse_F                                 0x20000104   Data           4  uart_demo.o(.data)
    param                                    0x20000108   Data           8  uart_demo.o(.data)
    str                                      0x20000110   Data          14  uart_demo.o(.data)
    anlogic01                                0x2000011e   Data          50  uart_demo.o(.data)
    anlogic02                                0x20000150   Data          48  uart_demo.o(.data)
    anlogic03                                0x20000180   Data          48  uart_demo.o(.data)
    anlogic04                                0x200001b0   Data          48  uart_demo.o(.data)
    anlogic05                                0x200001e0   Data          48  uart_demo.o(.data)
    anlogic06                                0x20000210   Data          48  uart_demo.o(.data)
    anlogic1                                 0x20000240   Data          15  uart_demo.o(.data)
    anlogic2                                 0x2000024f   Data          16  uart_demo.o(.data)
    anlogic3                                 0x2000025f   Data          14  uart_demo.o(.data)
    anlogic4                                 0x2000026d   Data          14  uart_demo.o(.data)
    anlogic5                                 0x2000027b   Data          15  uart_demo.o(.data)
    anlogic6                                 0x2000028a   Data          14  uart_demo.o(.data)
    anlogic7                                 0x20000298   Data          14  uart_demo.o(.data)
    anlogic8                                 0x200002a6   Data          14  uart_demo.o(.data)
    anlogic9                                 0x200002b4   Data          14  uart_demo.o(.data)
    anlogicA                                 0x200002c2   Data          14  uart_demo.o(.data)
    n_0                                      0x200002d4   Data           4  timer_demo.o(.data)
    n_1                                      0x200002d8   Data           4  timer_demo.o(.data)
    n_2                                      0x200002dc   Data           4  timer_demo.o(.data)
    n_3                                      0x200002e0   Data           4  timer_demo.o(.data)
    n_4                                      0x200002e4   Data           4  timer_demo.o(.data)
    n_5                                      0x200002e8   Data           4  timer_demo.o(.data)
    n_6                                      0x200002ec   Data           4  timer_demo.o(.data)
    n_7                                      0x200002f0   Data           4  timer_demo.o(.data)
    n_8                                      0x200002f4   Data           4  timer_demo.o(.data)
    n_9                                      0x200002f8   Data           4  timer_demo.o(.data)
    n_A                                      0x200002fc   Data           4  timer_demo.o(.data)
    n_B                                      0x20000300   Data           4  timer_demo.o(.data)
    n_C                                      0x20000304   Data           4  timer_demo.o(.data)
    n_D                                      0x20000308   Data           4  timer_demo.o(.data)
    n_E                                      0x2000030c   Data           4  timer_demo.o(.data)
    n_F                                      0x20000310   Data           4  timer_demo.o(.data)
    timer                                    0x20000314   Data           4  timer_demo.o(.data)
    limit                                    0x20000318   Data           4  timer_demo.o(.data)
    u_0                                      0x2000031c   Data           4  timer_demo.o(.data)
    u_1                                      0x20000320   Data           4  timer_demo.o(.data)
    u_2                                      0x20000324   Data           4  timer_demo.o(.data)
    u_3                                      0x20000328   Data           4  timer_demo.o(.data)
    u_4                                      0x2000032c   Data           4  timer_demo.o(.data)
    u_5                                      0x20000330   Data           4  timer_demo.o(.data)
    u_6                                      0x20000334   Data           4  timer_demo.o(.data)
    u_7                                      0x20000338   Data           4  timer_demo.o(.data)
    u_8                                      0x2000033c   Data           4  timer_demo.o(.data)
    u_9                                      0x20000340   Data           4  timer_demo.o(.data)
    u_A                                      0x20000344   Data           4  timer_demo.o(.data)
    u_B                                      0x20000348   Data           4  timer_demo.o(.data)
    u_C                                      0x2000034c   Data           4  timer_demo.o(.data)
    u_D                                      0x20000350   Data           4  timer_demo.o(.data)
    u_E                                      0x20000354   Data           4  timer_demo.o(.data)
    u_F                                      0x20000358   Data           4  timer_demo.o(.data)
    Npulse_send0                             0x2000035c   Data           4  timer_demo.o(.data)
    Npulse_send1                             0x20000360   Data           4  timer_demo.o(.data)
    Npulse_send2                             0x20000364   Data           4  timer_demo.o(.data)
    Npulse_send3                             0x20000368   Data           4  timer_demo.o(.data)
    Npulse_send4                             0x2000036c   Data           4  timer_demo.o(.data)
    Npulse_send5                             0x20000370   Data           4  timer_demo.o(.data)
    Npulse_send6                             0x20000374   Data           4  timer_demo.o(.data)
    Npulse_send7                             0x20000378   Data           4  timer_demo.o(.data)
    Npulse_send8                             0x2000037c   Data           4  timer_demo.o(.data)
    Npulse_send9                             0x20000380   Data           4  timer_demo.o(.data)
    Npulse_sendA                             0x20000384   Data           4  timer_demo.o(.data)
    Npulse_sendB                             0x20000388   Data           4  timer_demo.o(.data)
    Npulse_sendC                             0x2000038c   Data           4  timer_demo.o(.data)
    Npulse_sendD                             0x20000390   Data           4  timer_demo.o(.data)
    Npulse_sendE                             0x20000394   Data           4  timer_demo.o(.data)
    Npulse_sendF                             0x20000398   Data           4  timer_demo.o(.data)
    M_0                                      0x2000039c   Data           1  pulse_demo.o(.data)
    M_1                                      0x2000039d   Data           1  pulse_demo.o(.data)
    M_2                                      0x2000039e   Data           1  pulse_demo.o(.data)
    M_3                                      0x2000039f   Data           1  pulse_demo.o(.data)
    M_4                                      0x200003a0   Data           1  pulse_demo.o(.data)
    M_5                                      0x200003a1   Data           1  pulse_demo.o(.data)
    M_6                                      0x200003a2   Data           1  pulse_demo.o(.data)
    M_7                                      0x200003a3   Data           1  pulse_demo.o(.data)
    M_8                                      0x200003a4   Data           1  pulse_demo.o(.data)
    M_9                                      0x200003a5   Data           1  pulse_demo.o(.data)
    M_A                                      0x200003a6   Data           1  pulse_demo.o(.data)
    M_B                                      0x200003a7   Data           1  pulse_demo.o(.data)
    M_C                                      0x200003a8   Data           1  pulse_demo.o(.data)
    M_D                                      0x200003a9   Data           1  pulse_demo.o(.data)
    M_E                                      0x200003aa   Data           1  pulse_demo.o(.data)
    M_F                                      0x200003ab   Data           1  pulse_demo.o(.data)
    state                                    0x200003ac   Data           4  pulse_demo.o(.data)
    rd_state                                 0x200003b0   Data           4  pulse_demo.o(.data)
    pnumcnt_0                                0x200003b4   Data           4  pulse_demo.o(.data)
    pnumcnt_1                                0x200003b8   Data           4  pulse_demo.o(.data)
    pnumcnt_2                                0x200003bc   Data           4  pulse_demo.o(.data)
    pnumcnt_3                                0x200003c0   Data           4  pulse_demo.o(.data)
    pnumcnt_4                                0x200003c4   Data           4  pulse_demo.o(.data)
    pnumcnt_5                                0x200003c8   Data           4  pulse_demo.o(.data)
    pnumcnt_6                                0x200003cc   Data           4  pulse_demo.o(.data)
    pnumcnt_7                                0x200003d0   Data           4  pulse_demo.o(.data)
    pnumcnt_8                                0x200003d4   Data           4  pulse_demo.o(.data)
    pnumcnt_9                                0x200003d8   Data           4  pulse_demo.o(.data)
    pnumcnt_A                                0x200003dc   Data           4  pulse_demo.o(.data)
    pnumcnt_B                                0x200003e0   Data           4  pulse_demo.o(.data)
    pnumcnt_C                                0x200003e4   Data           4  pulse_demo.o(.data)
    pnumcnt_D                                0x200003e8   Data           4  pulse_demo.o(.data)
    pnumcnt_E                                0x200003ec   Data           4  pulse_demo.o(.data)
    pnumcnt_F                                0x200003f0   Data           4  pulse_demo.o(.data)
    pulsenub_0                               0x200003f4   Data           4  pulse_demo.o(.data)
    pulsenub_1                               0x200003f8   Data           4  pulse_demo.o(.data)
    pulsenub_2                               0x200003fc   Data           4  pulse_demo.o(.data)
    pulsenub_3                               0x20000400   Data           4  pulse_demo.o(.data)
    pulsenub_4                               0x20000404   Data           4  pulse_demo.o(.data)
    pulsenub_5                               0x20000408   Data           4  pulse_demo.o(.data)
    pulsenub_6                               0x2000040c   Data           4  pulse_demo.o(.data)
    pulsenub_7                               0x20000410   Data           4  pulse_demo.o(.data)
    pulsenub_8                               0x20000414   Data           4  pulse_demo.o(.data)
    pulsenub_9                               0x20000418   Data           4  pulse_demo.o(.data)
    pulsenub_A                               0x2000041c   Data           4  pulse_demo.o(.data)
    pulsenub_B                               0x20000420   Data           4  pulse_demo.o(.data)
    pulsenub_C                               0x20000424   Data           4  pulse_demo.o(.data)
    pulsenub_D                               0x20000428   Data           4  pulse_demo.o(.data)
    pulsenub_E                               0x2000042c   Data           4  pulse_demo.o(.data)
    pulsenub_F                               0x20000430   Data           4  pulse_demo.o(.data)
    CHn_state                                0x20000434   Data           8  pulse_demo.o(.data)
    SystemCoreClock                          0x2000043c   Data           4  system_elf2.o(.data)
    __stdout                                 0x20000440   Data           4  log.o(.data)
    parameter_buf                            0x20000444   Data          20  main.o(.bss)
    env0                                     0x20000458   Data          44  uart_demo.o(.bss)
    __libspace_start                         0x200004b0   Data          96  libspace.o(.bss)
    __temporary_stack_top$libspace           0x20000510   Data           0  libspace.o(.bss)



==============================================================================

Memory Map of the image

  Image Entry point : 0x00000119

  Load Region LR_IRAM1 (Base: 0x00000000, Size: 0x00003d4c, Max: 0xffffffff, ABSOLUTE, COMPRESSED[0x00003a20])

    Execution Region RO_IRAM1 (Base: 0x00000000, Size: 0x00000088, Max: 0xffffffff, ABSOLUTE)

    Base Addr    Size         Type   Attr      Idx    E Section Name        Object

    0x00000000   0x00000088   Data   RO          927    RESET               startup_elf2.o


    Execution Region INT_CALLBACK_TBL (Base: 0x00000088, Size: 0x00000090, Max: 0xffffffff, ABSOLUTE)

    Base Addr    Size         Type   Attr      Idx    E Section Name        Object

    0x00000088   0x00000090   Data   RW          321    int_callback_area   int_register.o


    Execution Region RO_IRAM2 (Base: 0x00000118, Size: 0x000037f0, Max: 0xffffffff, ABSOLUTE)

    Base Addr    Size         Type   Attr      Idx    E Section Name        Object

    0x00000118   0x00000008   Code   RO         1862  * !!!main             c_w.l(__main.o)
    0x00000120   0x00000034   Code   RO         2069    !!!scatter          c_w.l(__scatter.o)
    0x00000154   0x0000005a   Code   RO         2067    !!dczerorl2         c_w.l(__dczerorl2.o)
    0x000001ae   0x00000002   PAD
    0x000001b0   0x0000001c   Code   RO         2071    !!handler_zi        c_w.l(__scatter_zi.o)
    0x000001cc   0x00000000   Code   RO         1847    .ARM.Collect$$_printf_percent$$00000000  c_w.l(_printf_percent.o)
    0x000001cc   0x00000006   Code   RO         1846    .ARM.Collect$$_printf_percent$$00000009  c_w.l(_printf_d.o)
    0x000001d2   0x00000006   Code   RO         1845    .ARM.Collect$$_printf_percent$$00000014  c_w.l(_printf_s.o)
    0x000001d8   0x00000004   Code   RO         1895    .ARM.Collect$$_printf_percent$$00000017  c_w.l(_printf_percent_end.o)
    0x000001dc   0x00000002   Code   RO         1952    .ARM.Collect$$libinit$$00000000  c_w.l(libinit.o)
    0x000001de   0x00000000   Code   RO         1963    .ARM.Collect$$libinit$$00000002  c_w.l(libinit2.o)
    0x000001de   0x00000000   Code   RO         1965    .ARM.Collect$$libinit$$00000004  c_w.l(libinit2.o)
    0x000001de   0x00000000   Code   RO         1968    .ARM.Collect$$libinit$$0000000A  c_w.l(libinit2.o)
    0x000001de   0x00000000   Code   RO         1970    .ARM.Collect$$libinit$$0000000C  c_w.l(libinit2.o)
    0x000001de   0x00000000   Code   RO         1972    .ARM.Collect$$libinit$$0000000E  c_w.l(libinit2.o)
    0x000001de   0x00000000   Code   RO         1975    .ARM.Collect$$libinit$$00000011  c_w.l(libinit2.o)
    0x000001de   0x00000000   Code   RO         1977    .ARM.Collect$$libinit$$00000013  c_w.l(libinit2.o)
    0x000001de   0x00000000   Code   RO         1979    .ARM.Collect$$libinit$$00000015  c_w.l(libinit2.o)
    0x000001de   0x00000000   Code   RO         1981    .ARM.Collect$$libinit$$00000017  c_w.l(libinit2.o)
    0x000001de   0x00000000   Code   RO         1983    .ARM.Collect$$libinit$$00000019  c_w.l(libinit2.o)
    0x000001de   0x00000000   Code   RO         1985    .ARM.Collect$$libinit$$0000001B  c_w.l(libinit2.o)
    0x000001de   0x00000000   Code   RO         1987    .ARM.Collect$$libinit$$0000001D  c_w.l(libinit2.o)
    0x000001de   0x00000000   Code   RO         1989    .ARM.Collect$$libinit$$0000001F  c_w.l(libinit2.o)
    0x000001de   0x00000000   Code   RO         1991    .ARM.Collect$$libinit$$00000021  c_w.l(libinit2.o)
    0x000001de   0x00000000   Code   RO         1993    .ARM.Collect$$libinit$$00000023  c_w.l(libinit2.o)
    0x000001de   0x00000000   Code   RO         1995    .ARM.Collect$$libinit$$00000025  c_w.l(libinit2.o)
    0x000001de   0x00000000   Code   RO         1999    .ARM.Collect$$libinit$$0000002C  c_w.l(libinit2.o)
    0x000001de   0x00000000   Code   RO         2001    .ARM.Collect$$libinit$$0000002E  c_w.l(libinit2.o)
    0x000001de   0x00000000   Code   RO         2003    .ARM.Collect$$libinit$$00000030  c_w.l(libinit2.o)
    0x000001de   0x00000000   Code   RO         2005    .ARM.Collect$$libinit$$00000032  c_w.l(libinit2.o)
    0x000001de   0x00000002   Code   RO         2006    .ARM.Collect$$libinit$$00000033  c_w.l(libinit2.o)
    0x000001e0   0x00000002   Code   RO         2040    .ARM.Collect$$libshutdown$$00000000  c_w.l(libshutdown.o)
    0x000001e2   0x00000000   Code   RO         2050    .ARM.Collect$$libshutdown$$00000002  c_w.l(libshutdown2.o)
    0x000001e2   0x00000000   Code   RO         2052    .ARM.Collect$$libshutdown$$00000004  c_w.l(libshutdown2.o)
    0x000001e2   0x00000000   Code   RO         2055    .ARM.Collect$$libshutdown$$00000007  c_w.l(libshutdown2.o)
    0x000001e2   0x00000000   Code   RO         2058    .ARM.Collect$$libshutdown$$0000000A  c_w.l(libshutdown2.o)
    0x000001e2   0x00000000   Code   RO         2060    .ARM.Collect$$libshutdown$$0000000C  c_w.l(libshutdown2.o)
    0x000001e2   0x00000000   Code   RO         2063    .ARM.Collect$$libshutdown$$0000000F  c_w.l(libshutdown2.o)
    0x000001e2   0x00000002   Code   RO         2064    .ARM.Collect$$libshutdown$$00000010  c_w.l(libshutdown2.o)
    0x000001e4   0x00000000   Code   RO         1888    .ARM.Collect$$rtentry$$00000000  c_w.l(__rtentry.o)
    0x000001e4   0x00000000   Code   RO         1911    .ARM.Collect$$rtentry$$00000002  c_w.l(__rtentry2.o)
    0x000001e4   0x00000006   Code   RO         1923    .ARM.Collect$$rtentry$$00000004  c_w.l(__rtentry4.o)
    0x000001ea   0x00000000   Code   RO         1913    .ARM.Collect$$rtentry$$00000009  c_w.l(__rtentry2.o)
    0x000001ea   0x00000004   Code   RO         1914    .ARM.Collect$$rtentry$$0000000A  c_w.l(__rtentry2.o)
    0x000001ee   0x00000000   Code   RO         1916    .ARM.Collect$$rtentry$$0000000C  c_w.l(__rtentry2.o)
    0x000001ee   0x00000008   Code   RO         1917    .ARM.Collect$$rtentry$$0000000D  c_w.l(__rtentry2.o)
    0x000001f6   0x00000002   Code   RO         1958    .ARM.Collect$$rtexit$$00000000  c_w.l(rtexit.o)
    0x000001f8   0x00000000   Code   RO         2008    .ARM.Collect$$rtexit$$00000002  c_w.l(rtexit2.o)
    0x000001f8   0x00000004   Code   RO         2009    .ARM.Collect$$rtexit$$00000003  c_w.l(rtexit2.o)
    0x000001fc   0x00000006   Code   RO         2010    .ARM.Collect$$rtexit$$00000004  c_w.l(rtexit2.o)
    0x00000202   0x00000002   PAD
    0x00000204   0x00000040   Code   RO          928    .text               startup_elf2.o
    0x00000244   0x00000018   Code   RO         1817    .text               c_w.l(noretval__2printf.o)
    0x0000025c   0x00000068   Code   RO         1819    .text               c_w.l(__printf.o)
    0x000002c4   0x00000052   Code   RO         1821    .text               c_w.l(_printf_str.o)
    0x00000316   0x00000002   PAD
    0x00000318   0x00000078   Code   RO         1823    .text               c_w.l(_printf_dec.o)
    0x00000390   0x00000016   Code   RO         1848    .text               c_w.l(abort.o)
    0x000003a6   0x00000044   Code   RO         1858    .text               c_w.l(rt_memclr.o)
    0x000003ea   0x00000006   Code   RO         1860    .text               c_w.l(heapauxi.o)
    0x000003f0   0x0000000c   Code   RO         1886    .text               c_w.l(sys_exit.o)
    0x000003fc   0x000000b2   Code   RO         1889    .text               c_w.l(_printf_intcommon.o)
    0x000004ae   0x0000002c   Code   RO         1891    .text               c_w.l(_printf_char.o)
    0x000004da   0x00000002   PAD
    0x000004dc   0x00000024   Code   RO         1893    .text               c_w.l(_printf_char_file.o)
    0x00000500   0x0000000e   Code   RO         1896    .text               c_w.l(defsig_abrt_outer.o)
    0x0000050e   0x0000004e   Code   RO         1900    .text               c_w.l(rt_memclr_w.o)
    0x0000055c   0x00000002   Code   RO         1907    .text               c_w.l(use_no_semi.o)
    0x0000055e   0x00000000   Code   RO         1909    .text               c_w.l(indicate_semi.o)
    0x0000055e   0x00000002   PAD
    0x00000560   0x00000030   Code   RO         1927    .text               c_w.l(_printf_char_common.o)
    0x00000590   0x00000008   Code   RO         1929    .text               c_w.l(ferror.o)
    0x00000598   0x0000000a   Code   RO         1933    .text               c_w.l(defsig_exit.o)
    0x000005a2   0x00000002   PAD
    0x000005a4   0x00000030   Code   RO         1935    .text               c_w.l(defsig_abrt_inner.o)
    0x000005d4   0x0000004a   Code   RO         1937    .text               c_w.l(sys_stackheap_outer.o)
    0x0000061e   0x00000012   Code   RO         1941    .text               c_w.l(exit.o)
    0x00000630   0x00000032   Code   RO         1945    .text               c_w.l(defsig_general.o)
    0x00000662   0x0000000e   Code   RO         1953    .text               c_w.l(sys_wrch.o)
    0x00000670   0x00000008   Code   RO         1955    .text               c_w.l(libspace.o)
    0x00000678   0x0000001c   Code   RO          443    i.ADCC0_IRQHandler  intc.o
    0x00000694   0x0000001c   Code   RO          444    i.ADCC1_IRQHandler  intc.o
    0x000006b0   0x0000001c   Code   RO          445    i.ADCC2_IRQHandler  intc.o
    0x000006cc   0x0000001c   Code   RO          446    i.ADCC3_IRQHandler  intc.o
    0x000006e8   0x0000001c   Code   RO          447    i.ADCC4_IRQHandler  intc.o
    0x00000704   0x0000001c   Code   RO          448    i.ADCC5_IRQHandler  intc.o
    0x00000720   0x0000007c   Code   RO          794    i.CH0_Deploy        pulse_demo.o
    0x0000079c   0x00000118   Code   RO          601    i.CH0_OPREA         timer_demo.o
    0x000008b4   0x0000007c   Code   RO          795    i.CH1_Deploy        pulse_demo.o
    0x00000930   0x00000118   Code   RO          602    i.CH1_OPREA         timer_demo.o
    0x00000a48   0x0000007c   Code   RO          796    i.CH2_Deploy        pulse_demo.o
    0x00000ac4   0x00000114   Code   RO          603    i.CH2_OPREA         timer_demo.o
    0x00000bd8   0x0000007c   Code   RO          797    i.CH3_Deploy        pulse_demo.o
    0x00000c54   0x00000114   Code   RO          604    i.CH3_OPREA         timer_demo.o
    0x00000d68   0x0000007c   Code   RO          798    i.CH4_Deploy        pulse_demo.o
    0x00000de4   0x00000114   Code   RO          605    i.CH4_OPREA         timer_demo.o
    0x00000ef8   0x0000007c   Code   RO          799    i.CH5_Deploy        pulse_demo.o
    0x00000f74   0x00000118   Code   RO          606    i.CH5_OPREA         timer_demo.o
    0x0000108c   0x0000007c   Code   RO          800    i.CH6_Deploy        pulse_demo.o
    0x00001108   0x00000118   Code   RO          607    i.CH6_OPREA         timer_demo.o
    0x00001220   0x00000080   Code   RO          801    i.CH7_Deploy        pulse_demo.o
    0x000012a0   0x00000120   Code   RO          608    i.CH7_OPREA         timer_demo.o
    0x000013c0   0x00000080   Code   RO          802    i.CH8_Deploy        pulse_demo.o
    0x00001440   0x00000120   Code   RO          609    i.CH8_OPREA         timer_demo.o
    0x00001560   0x00000080   Code   RO          803    i.CH9_Deploy        pulse_demo.o
    0x000015e0   0x00000120   Code   RO          610    i.CH9_OPREA         timer_demo.o
    0x00001700   0x00000080   Code   RO          804    i.CHA_Deploy        pulse_demo.o
    0x00001780   0x00000118   Code   RO          611    i.CHA_OPREA         timer_demo.o
    0x00001898   0x00000080   Code   RO          805    i.CHB_Deploy        pulse_demo.o
    0x00001918   0x00000118   Code   RO          612    i.CHB_OPREA         timer_demo.o
    0x00001a30   0x00000080   Code   RO          806    i.CHC_Deploy        pulse_demo.o
    0x00001ab0   0x00000118   Code   RO          613    i.CHC_OPREA         timer_demo.o
    0x00001bc8   0x00000080   Code   RO          807    i.CHD_Deploy        pulse_demo.o
    0x00001c48   0x00000110   Code   RO          614    i.CHD_OPREA         timer_demo.o
    0x00001d58   0x00000080   Code   RO          808    i.CHE_Deploy        pulse_demo.o
    0x00001dd8   0x00000100   Code   RO          615    i.CHE_OPREA         timer_demo.o
    0x00001ed8   0x00000080   Code   RO          809    i.CHF_Deploy        pulse_demo.o
    0x00001f58   0x00000100   Code   RO          616    i.CHF_OPREA         timer_demo.o
    0x00002058   0x00000038   Code   RO          810    i.CHn_Message_Send  pulse_demo.o
    0x00002090   0x000002dc   Code   RO          811    i.CHn_ORDER_SEND    pulse_demo.o
    0x0000236c   0x0000001c   Code   RO          449    i.DMAC_IRQHandler   intc.o
    0x00002388   0x0000001c   Code   RO          450    i.EXT_IRQHandler    intc.o
    0x000023a4   0x0000001c   Code   RO          451    i.GPIO_IRQHandler   intc.o
    0x000023c0   0x000001b4   Code   RO         1655    i.HAL_SYSCON_Function_IO_Set  ELF2_CM3_Lib.lib(syscon.o)
    0x00002574   0x00000018   Code   RO         1660    i.HAL_SYSCON_HCLK_Src_Sel  ELF2_CM3_Lib.lib(syscon.o)
    0x0000258c   0x0000006c   Code   RO         1664    i.HAL_SYSCON_Set_HClk_Div  ELF2_CM3_Lib.lib(syscon.o)
    0x000025f8   0x00000070   Code   RO         1665    i.HAL_SYSCON_Set_PClk0_Div  ELF2_CM3_Lib.lib(syscon.o)
    0x00002668   0x0000006c   Code   RO         1666    i.HAL_SYSCON_Set_PClk1_Div  ELF2_CM3_Lib.lib(syscon.o)
    0x000026d4   0x000000c0   Code   RO         1667    i.HAL_SYSCON_Set_RTC_Div  ELF2_CM3_Lib.lib(syscon.o)
    0x00002794   0x00000034   Code   RO         1226    i.HAL_TIMER_Enable  ELF2_CM3_Lib.lib(timer.o)
    0x000027c8   0x000000b0   Code   RO         1227    i.HAL_TIMER_Init    ELF2_CM3_Lib.lib(timer.o)
    0x00002878   0x00000020   Code   RO         1228    i.HAL_TIMER_Int_Clr  ELF2_CM3_Lib.lib(timer.o)
    0x00002898   0x00000034   Code   RO         1230    i.HAL_TIMER_Set_LoadCount  ELF2_CM3_Lib.lib(timer.o)
    0x000028cc   0x0000002c   Code   RO         1347    i.HAL_UART_FIFO_Control  ELF2_CM3_Lib.lib(uart.o)
    0x000028f8   0x00000074   Code   RO         1354    i.HAL_UART_Init     ELF2_CM3_Lib.lib(uart.o)
    0x0000296c   0x00000050   Code   RO         1356    i.HAL_UART_Isr      ELF2_CM3_Lib.lib(uart.o)
    0x000029bc   0x000000a4   Code   RO         1358    i.HAL_UART_Read     ELF2_CM3_Lib.lib(uart.o)
    0x00002a60   0x00000090   Code   RO         1361    i.HAL_UART_Set_BaudRate  ELF2_CM3_Lib.lib(uart.o)
    0x00002af0   0x00000016   Code   RO         1363    i.HAL_UART_WriteChar_Polling  ELF2_CM3_Lib.lib(uart.o)
    0x00002b06   0x0000001a   Code   RO         1364    i.HAL_UART_Write_Polling  ELF2_CM3_Lib.lib(uart.o)
    0x00002b20   0x0000001c   Code   RO          452    i.I2C0_IRQHandler   intc.o
    0x00002b3c   0x0000001c   Code   RO          453    i.I2C1_IRQHandler   intc.o
    0x00002b58   0x0000001c   Code   RO          454    i.I2S_IRQHandler    intc.o
    0x00002b74   0x0000001c   Code   RO          455    i.QSPI_IRQHandler   intc.o
    0x00002b90   0x0000001c   Code   RO          456    i.RTC_IRQHandler    intc.o
    0x00002bac   0x0000001c   Code   RO          457    i.SPIM_IRQHandler   intc.o
    0x00002bc8   0x00000058   Code   RO          936    i.SystemInit        system_elf2.o
    0x00002c20   0x00000048   Code   RO          617    i.TIMER_INIT        timer_demo.o
    0x00002c68   0x0000001c   Code   RO          458    i.TIMER_IRQHandler  intc.o
    0x00002c84   0x00000016   Code   RO          314    i.TIMER_Int_Register  int_register.o
    0x00002c9a   0x00000002   PAD
    0x00002c9c   0x0000005c   Code   RO          129    i.UART_INIT         uart_demo.o
    0x00002cf8   0x0000001c   Code   RO          459    i.UART_IRQHandler   intc.o
    0x00002d14   0x00000018   Code   RO          315    i.UART_Int_Register  int_register.o
    0x00002d2c   0x0000000c   Code   RO          460    i.WDT_IRQHandler    intc.o
    0x00002d38   0x00000034   Code   RO          995    i.__aeabi_assert    debug.o
    0x00002d6c   0x0000000e   Code   RO          972    i.fputc             log.o
    0x00002d7a   0x00000002   PAD
    0x00002d7c   0x0000001c   Code   RO          319    i.int_callback_register  int_register.o
    0x00002d98   0x000000dc   Code   RO            4    i.main              main.o
    0x00002e74   0x0000000c   Code   RO         1669    i.sysc_awo_div_update_set  ELF2_CM3_Lib.lib(syscon.o)
    0x00002e80   0x00000014   Code   RO         1672    i.sysc_awo_rtc_div_para_m1_setf  ELF2_CM3_Lib.lib(syscon.o)
    0x00002e94   0x00000012   Code   RO         1231    i.sysc_cpu_div_update_pack  ELF2_CM3_Lib.lib(timer.o)
    0x00002ea6   0x00000008   Code   RO         1675    i.sysc_cpu_func_en_set  ELF2_CM3_Lib.lib(syscon.o)
    0x00002eae   0x00000002   PAD
    0x00002eb0   0x000000ec   Code   RO          618    i.timer_isr         timer_demo.o
    0x00002f9c   0x00000014   Code   RO         1365    i.uart_afce_setf    ELF2_CM3_Lib.lib(uart.o)
    0x00002fb0   0x00000014   Code   RO         1366    i.uart_dlab_setf    ELF2_CM3_Lib.lib(uart.o)
    0x00002fc4   0x00000014   Code   RO         1367    i.uart_eps_setf     ELF2_CM3_Lib.lib(uart.o)
    0x00002fd8   0x00000014   Code   RO         1368    i.uart_erbfi_setf   ELF2_CM3_Lib.lib(uart.o)
    0x00002fec   0x00000014   Code   RO         1369    i.uart_etbei_setf   ELF2_CM3_Lib.lib(uart.o)
    0x00003000   0x00000014   Code   RO         1370    i.uart_pen_setf     ELF2_CM3_Lib.lib(uart.o)
    0x00003014   0x0000000c   Code   RO         1371    i.uart_rbr_get      ELF2_CM3_Lib.lib(uart.o)
    0x00003020   0x0000013c   Code   RO         1372    i.uart_rec_data_avail_isr  ELF2_CM3_Lib.lib(uart.o)
    0x0000315c   0x00000054   Code   RO         1373    i.uart_rec_error_isr  ELF2_CM3_Lib.lib(uart.o)
    0x000031b0   0x00000164   Code   RO          136    i.uart_rx_finish    uart_demo.o
    0x00003314   0x00000010   Code   RO         1376    i.uart_tfnf_getf    ELF2_CM3_Lib.lib(uart.o)
    0x00003324   0x0000008c   Code   RO         1377    i.uart_thr_empty_isr  ELF2_CM3_Lib.lib(uart.o)
    0x000033b0   0x0000000c   Code   RO         1378    i.uart_thr_set      ELF2_CM3_Lib.lib(uart.o)
    0x000033bc   0x000000c4   Code   RO         1864    x$fpl$fadd          fz_ws.l(faddsub_clz.o)
    0x00003480   0x00000184   Code   RO         1871    x$fpl$fdiv          fz_ws.l(fdiv.o)
    0x00003604   0x00000036   Code   RO         1874    x$fpl$ffix          fz_ws.l(ffix.o)
    0x0000363a   0x00000002   PAD
    0x0000363c   0x00000026   Code   RO         1878    x$fpl$ffltu         fz_ws.l(fflt_clz.o)
    0x00003662   0x00000002   PAD
    0x00003664   0x00000102   Code   RO         1884    x$fpl$fmul          fz_ws.l(fmul.o)
    0x00003766   0x0000008c   Code   RO         1902    x$fpl$fnaninf       fz_ws.l(fnaninf.o)
    0x000037f2   0x0000000a   Code   RO         1904    x$fpl$fretinf       fz_ws.l(fretinf.o)
    0x000037fc   0x000000ea   Code   RO         1866    x$fpl$fsub          fz_ws.l(faddsub_clz.o)
    0x000038e6   0x00000000   Code   RO         1906    x$fpl$usenofp       fz_ws.l(usenofp.o)
    0x000038e6   0x00000002   PAD
    0x000038e8   0x00000020   Data   RO         2065    Region$$Table       anon$$obj.o


    Execution Region RW_IRAM0 (Base: 0x20000000, Size: 0x00000a10, Max: 0x00008000, ABSOLUTE, COMPRESSED[0x00000118])

    Base Addr    Size         Type   Attr      Idx    E Section Name        Object

    0x20000000   0x00000040   Data   RW            7    .data               main.o
    0x20000040   0x00000290   Data   RW          138    .data               uart_demo.o
    0x200002d0   0x000000cc   Data   RW          619    .data               timer_demo.o
    0x2000039c   0x000000a0   Data   RW          812    .data               pulse_demo.o
    0x2000043c   0x00000004   Data   RW          937    .data               system_elf2.o
    0x20000440   0x00000004   Data   RW          973    .data               log.o
    0x20000444   0x00000014   Zero   RW            6    .bss                main.o
    0x20000458   0x0000002c   Zero   RW          137    .bss                uart_demo.o
    0x20000484   0x0000002c   Zero   RW         1379    .bss                ELF2_CM3_Lib.lib(uart.o)
    0x200004b0   0x00000060   Zero   RW         1956    .bss                c_w.l(libspace.o)
    0x20000510   0x00000100   Zero   RW          926    HEAP                startup_elf2.o
    0x20000610   0x00000400   Zero   RW          925    STACK               startup_elf2.o


==============================================================================

Image component sizes


      Code (inc. data)   RO Data    RW Data    ZI Data      Debug   Object Name

        52         40          0          0          0        577   debug.o
        74          4          0        144          0       3521   int_register.o
       488        106          0          0          0      11071   intc.o
        14          0          0          4          0       2494   log.o
       220         38          0         64         20      34595   main.o
      2808        754          0        160          0      14019   pulse_demo.o
        64         26        136          0       1280        904   startup_elf2.o
        88         12          0          4          0       1571   system_elf2.o
      4744        790          0        204          0      14075   timer_demo.o
       448         20          0        656         44      36193   uart_demo.o

    ----------------------------------------------------------------------
      9004       1790        168       1236       1344     119020   Object Totals
         0          0         32          0          0          0   (incl. Generated)
         4          0          0          0          0          0   (incl. Padding)

    ----------------------------------------------------------------------

      Code (inc. data)   RO Data    RW Data    ZI Data      Debug   Library Member Name

      1020        314          0          0          0      34608   syscon.o
       330         16          0          0          0      27318   timer.o
      1296        250          0          0         44      25465   uart.o
        90          0          0          0          0          0   __dczerorl2.o
         8          0          0          0          0         68   __main.o
       104          0          0          0          0         84   __printf.o
         0          0          0          0          0          0   __rtentry.o
        12          0          0          0          0          0   __rtentry2.o
         6          0          0          0          0          0   __rtentry4.o
        52          8          0          0          0          0   __scatter.o
        28          0          0          0          0          0   __scatter_zi.o
        44          0          0          0          0        108   _printf_char.o
        48          6          0          0          0         96   _printf_char_common.o
        36          4          0          0          0         80   _printf_char_file.o
         6          0          0          0          0          0   _printf_d.o
       120         16          0          0          0         92   _printf_dec.o
       178          0          0          0          0         88   _printf_intcommon.o
         0          0          0          0          0          0   _printf_percent.o
         4          0          0          0          0          0   _printf_percent_end.o
         6          0          0          0          0          0   _printf_s.o
        82          0          0          0          0         80   _printf_str.o
        22          0          0          0          0         80   abort.o
        48         34          0          0          0         76   defsig_abrt_inner.o
        14          0          0          0          0         80   defsig_abrt_outer.o
        10          0          0          0          0         68   defsig_exit.o
        50          0          0          0          0         88   defsig_general.o
        18          0          0          0          0         80   exit.o
         8          0          0          0          0         68   ferror.o
         6          0          0          0          0        152   heapauxi.o
         0          0          0          0          0          0   indicate_semi.o
         2          0          0          0          0          0   libinit.o
         2          0          0          0          0          0   libinit2.o
         2          0          0          0          0          0   libshutdown.o
         2          0          0          0          0          0   libshutdown2.o
         8          4          0          0         96         68   libspace.o
        24          4          0          0          0         84   noretval__2printf.o
        68          0          0          0          0         68   rt_memclr.o
        78          0          0          0          0         80   rt_memclr_w.o
         2          0          0          0          0          0   rtexit.o
        10          0          0          0          0          0   rtexit2.o
        12          4          0          0          0         68   sys_exit.o
        74          0          0          0          0         80   sys_stackheap_outer.o
        14          0          0          0          0         76   sys_wrch.o
         2          0          0          0          0         68   use_no_semi.o
       430          8          0          0          0        168   faddsub_clz.o
       388         76          0          0          0         96   fdiv.o
        54          4          0          0          0         84   ffix.o
        38          0          0          0          0         68   fflt_clz.o
       258          4          0          0          0         84   fmul.o
       140          4          0          0          0         84   fnaninf.o
        10          0          0          0          0         68   fretinf.o
         0          0          0          0          0          0   usenofp.o

    ----------------------------------------------------------------------
      5284        756          0          0        140      90023   Library Totals
        20          0          0          0          0          0   (incl. Padding)

    ----------------------------------------------------------------------

      Code (inc. data)   RO Data    RW Data    ZI Data      Debug   Library Name

      2646        580          0          0         44      87391   ELF2_CM3_Lib.lib
      1300         80          0          0         96       1980   c_w.l
      1318         96          0          0          0        652   fz_ws.l

    ----------------------------------------------------------------------
      5284        756          0          0        140      90023   Library Totals

    ----------------------------------------------------------------------

==============================================================================


      Code (inc. data)   RO Data    RW Data    ZI Data      Debug   

     14288       2546        168       1236       1484     202799   Grand Totals
     14288       2546        168        424       1484     202799   ELF Image Totals (compressed)
     14288       2546        168        424          0          0   ROM Totals

==============================================================================

    Total RO  Size (Code + RO Data)                14456 (  14.12kB)
    Total RW  Size (RW Data + ZI Data)              2720 (   2.66kB)
    Total ROM Size (Code + RO Data + RW Data)      14880 (  14.53kB)

==============================================================================

